Archive member included to satisfy reference by file (symbol)

../libopencm3/lib\libopencm3_stm32f4.a(gpio_common_f0234.o)
                              src/firmware.o (gpio_mode_setup)
../libopencm3/lib\libopencm3_stm32f4.a(rcc_common_all.o)
                              src/firmware.o (rcc_periph_clock_enable)
../libopencm3/lib\libopencm3_stm32f4.a(rcc.o)
                              src/core/system.o (rcc_clock_setup_pll)
../libopencm3/lib\libopencm3_stm32f4.a(timer_common_all.o)
                              src/core/timer.o (timer_set_mode)
../libopencm3/lib\libopencm3_stm32f4.a(vector.o)
                              (reset_handler)
../libopencm3/lib\libopencm3_stm32f4.a(systick.o)
                              src/core/system.o (systick_set_frequency)
../libopencm3/lib\libopencm3_stm32f4.a(flash_common_all.o)
                              ../libopencm3/lib\libopencm3_stm32f4.a(rcc.o) (flash_set_ws)
../libopencm3/lib\libopencm3_stm32f4.a(flash_common_idcache.o)
                              ../libopencm3/lib\libopencm3_stm32f4.a(rcc.o) (flash_dcache_enable)
../libopencm3/lib\libopencm3_stm32f4.a(pwr.o)
                              ../libopencm3/lib\libopencm3_stm32f4.a(rcc.o) (pwr_set_vos_scale)

Discarded input sections

 .group         0x00000000        0xc src/firmware.o
 .group         0x00000000        0xc src/firmware.o
 .group         0x00000000        0xc src/firmware.o
 .group         0x00000000        0xc src/firmware.o
 .group         0x00000000        0xc src/firmware.o
 .group         0x00000000        0xc src/firmware.o
 .group         0x00000000        0xc src/firmware.o
 .group         0x00000000        0xc src/firmware.o
 .group         0x00000000        0xc src/firmware.o
 .group         0x00000000        0xc src/firmware.o
 .group         0x00000000        0xc src/firmware.o
 .group         0x00000000        0xc src/firmware.o
 .group         0x00000000        0xc src/firmware.o
 .group         0x00000000        0xc src/firmware.o
 .group         0x00000000        0xc src/firmware.o
 .group         0x00000000        0xc src/firmware.o
 .group         0x00000000        0xc src/firmware.o
 .group         0x00000000        0xc src/firmware.o
 .group         0x00000000        0xc src/firmware.o
 .group         0x00000000        0xc src/firmware.o
 .text          0x00000000        0x0 src/firmware.o
 .data          0x00000000        0x0 src/firmware.o
 .bss           0x00000000        0x0 src/firmware.o
 .text          0x00000000        0x0 src/bootloader.o
 .data          0x00000000        0x0 src/bootloader.o
 .bss           0x00000000        0x0 src/bootloader.o
 bootloader_section
                0x00000000     0x8000 src/bootloader.o
 .ARM.attributes
                0x00000000       0x20 src/bootloader.o
 .group         0x00000000        0xc src/core/system.o
 .group         0x00000000        0xc src/core/system.o
 .group         0x00000000        0xc src/core/system.o
 .group         0x00000000        0xc src/core/system.o
 .group         0x00000000        0xc src/core/system.o
 .group         0x00000000        0xc src/core/system.o
 .group         0x00000000        0xc src/core/system.o
 .group         0x00000000        0xc src/core/system.o
 .group         0x00000000        0xc src/core/system.o
 .group         0x00000000        0xc src/core/system.o
 .group         0x00000000        0xc src/core/system.o
 .group         0x00000000        0xc src/core/system.o
 .group         0x00000000        0xc src/core/system.o
 .group         0x00000000        0xc src/core/system.o
 .group         0x00000000        0xc src/core/system.o
 .group         0x00000000        0xc src/core/system.o
 .group         0x00000000        0xc src/core/system.o
 .group         0x00000000        0xc src/core/system.o
 .text          0x00000000        0x0 src/core/system.o
 .data          0x00000000        0x0 src/core/system.o
 .bss           0x00000000        0x0 src/core/system.o
 .debug_macro   0x00000000      0xacc src/core/system.o
 .debug_macro   0x00000000       0x22 src/core/system.o
 .debug_macro   0x00000000       0x56 src/core/system.o
 .debug_macro   0x00000000       0x51 src/core/system.o
 .debug_macro   0x00000000      0x103 src/core/system.o
 .debug_macro   0x00000000       0x6a src/core/system.o
 .debug_macro   0x00000000      0x1df src/core/system.o
 .debug_macro   0x00000000       0x22 src/core/system.o
 .debug_macro   0x00000000       0x10 src/core/system.o
 .debug_macro   0x00000000       0x76 src/core/system.o
 .debug_macro   0x00000000       0x8e src/core/system.o
 .debug_macro   0x00000000       0x46 src/core/system.o
 .debug_macro   0x00000000      0xcea src/core/system.o
 .group         0x00000000        0xc src/core/timer.o
 .group         0x00000000        0xc src/core/timer.o
 .group         0x00000000        0xc src/core/timer.o
 .group         0x00000000        0xc src/core/timer.o
 .group         0x00000000        0xc src/core/timer.o
[...]
Memory Configuration

Name             Origin             Length             Attributes
rom              0x08000000         0x00080000         xr
ram              0x20000000         0x00018000         xrw
*default*        0x00000000         0xffffffff

Linker script and memory map

LOAD src/firmware.o
LOAD src/bootloader.o
LOAD src/core/system.o
LOAD src/core/timer.o
LOAD ../libopencm3/lib\libopencm3_stm32f4.a
START GROUP
LOAD C:/Program Files (x86)/Arm GNU Toolchain arm-none-eabi/13.2 Rel1/bin/../lib/gcc/arm-none-eabi/13.2.1/thumb/v7e-m+fp/hard\libc.a
LOAD C:/Program Files (x86)/Arm GNU Toolchain arm-none-eabi/13.2 Rel1/bin/../lib/gcc/arm-none-eabi/13.2.1/thumb/v7e-m+fp/hard\libgcc.a
LOAD C:/Program Files (x86)/Arm GNU Toolchain arm-none-eabi/13.2 Rel1/bin/../lib/gcc/arm-none-eabi/13.2.1/thumb/v7e-m+fp/hard\libnosys.a
END GROUP
START GROUP
LOAD C:/Program Files (x86)/Arm GNU Toolchain arm-none-eabi/13.2 Rel1/bin/../lib/gcc/arm-none-eabi/13.2.1/thumb/v7e-m+fp/hard\libgcc.a
LOAD C:/Program Files (x86)/Arm GNU Toolchain arm-none-eabi/13.2 Rel1/bin/../lib/gcc/arm-none-eabi/13.2.1/thumb/v7e-m+fp/hard\libg.a
LOAD C:/Program Files (x86)/Arm GNU Toolchain arm-none-eabi/13.2 Rel1/bin/../lib/gcc/arm-none-eabi/13.2.1/thumb/v7e-m+fp/hard\libc.a
END GROUP

.text           0x08000000      0xb00
 *(.bootloader_section)
 *(.vectors)
 .vectors       0x08000000      0x1ac ../libopencm3/lib\libopencm3_stm32f4.a(vector.o)
                0x08000000                vector_table
                0x080001b0                        . = ALIGN (0x10)
 *fill*         0x080001ac        0x4 
 *(.firmware_info)
 *(.firmware_signature)
 *(.text*)
 .text.startup.main
                0x080001b0       0x9c src/firmware.o
                0x080001b0                main
 .text.sys_tick_handler
                0x0800024c       0x18 src/core/system.o
                0x0800024c                sys_tick_handler
 .text.system_get_ticks
                0x08000264        0xc src/core/system.o
                0x08000264                system_get_ticks
 .text.system_setup
                0x08000270       0x28 src/core/system.o
                0x08000270                system_setup
 .text.timer_setup
                0x08000298       0x50 src/core/timer.o
                0x08000298                timer_setup
 .text.timer_pwm_set_duty_cycle
                0x080002e8       0x2c src/core/timer.o
                0x080002e8                timer_pwm_set_duty_cycle
 .text.gpio_mode_setup
                0x08000314       0x40 ../libopencm3/lib\libopencm3_stm32f4.a(gpio_common_f0234.o)
                0x08000314                gpio_mode_setup
 .text.gpio_set_af
                0x08000354       0x58 ../libopencm3/lib\libopencm3_stm32f4.a(gpio_common_f0234.o)
                0x08000354                gpio_set_af
 .text.rcc_periph_clock_enable
                0x080003ac       0x1a ../libopencm3/lib\libopencm3_stm32f4.a(rcc_common_all.o)
                0x080003ac                rcc_periph_clock_enable
 *fill*         0x080003c6        0x2 
 .text.rcc_is_osc_ready
                0x080003c8       0x64 ../libopencm3/lib\libopencm3_stm32f4.a(rcc.o)
                0x080003c8                rcc_is_osc_ready
 .text.rcc_wait_for_osc_ready
                0x0800042c       0x10 ../libopencm3/lib\libopencm3_stm32f4.a(rcc.o)
                0x0800042c                rcc_wait_for_osc_ready
 .text.rcc_osc_on
                0x0800043c       0x74 ../libopencm3/lib\libopencm3_stm32f4.a(rcc.o)
                0x0800043c                rcc_osc_on
 .text.rcc_osc_off
                0x080004b0       0x74 ../libopencm3/lib\libopencm3_stm32f4.a(rcc.o)
                0x080004b0                rcc_osc_off
 .text.rcc_set_sysclk_source
                0x08000524       0x18 ../libopencm3/lib\libopencm3_stm32f4.a(rcc.o)
                0x08000524                rcc_set_sysclk_source
 .text.rcc_set_ppre2
                0x0800053c       0x18 ../libopencm3/lib\libopencm3_stm32f4.a(rcc.o)
                0x0800053c                rcc_set_ppre2
 .text.rcc_set_ppre1
                0x08000554       0x18 ../libopencm3/lib\libopencm3_stm32f4.a(rcc.o)
                0x08000554                rcc_set_ppre1
 .text.rcc_set_hpre
                0x0800056c       0x18 ../libopencm3/lib\libopencm3_stm32f4.a(rcc.o)
                0x0800056c                rcc_set_hpre
 .text.rcc_set_main_pll_hsi
                0x08000584       0x44 ../libopencm3/lib\libopencm3_stm32f4.a(rcc.o)
                0x08000584                rcc_set_main_pll_hsi
 .text.rcc_set_main_pll_hse
                0x080005c8       0x44 ../libopencm3/lib\libopencm3_stm32f4.a(rcc.o)
                0x080005c8                rcc_set_main_pll_hse
 .text.rcc_clock_setup_pll
                0x0800060c       0xe4 ../libopencm3/lib\libopencm3_stm32f4.a(rcc.o)
                0x0800060c                rcc_clock_setup_pll
 .text.timer_set_mode
                0x080006f0       0x12 ../libopencm3/lib\libopencm3_stm32f4.a(timer_common_all.o)
                0x080006f0                timer_set_mode
 .text.timer_enable_counter
                0x08000702        0xa ../libopencm3/lib\libopencm3_stm32f4.a(timer_common_all.o)
                0x08000702                timer_enable_counter
 .text.timer_set_prescaler
                0x0800070c        0x4 ../libopencm3/lib\libopencm3_stm32f4.a(timer_common_all.o)
                0x0800070c                timer_set_prescaler
 .text.timer_set_period
                0x08000710        0x4 ../libopencm3/lib\libopencm3_stm32f4.a(timer_common_all.o)
                0x08000710                timer_set_period
 .text.timer_set_oc_mode
                0x08000714      0x18c ../libopencm3/lib\libopencm3_stm32f4.a(timer_common_all.o)
                0x08000714                timer_set_oc_mode
 .text.timer_enable_oc_output
                0x080008a0       0x4a ../libopencm3/lib\libopencm3_stm32f4.a(timer_common_all.o)
                0x080008a0                timer_enable_oc_output
 .text.timer_set_oc_value
                0x080008ea       0x20 ../libopencm3/lib\libopencm3_stm32f4.a(timer_common_all.o)
                0x080008ea                timer_set_oc_value
 .text.blocking_handler
                0x0800090a        0x2 ../libopencm3/lib\libopencm3_stm32f4.a(vector.o)
                0x0800090a                dma2_stream1_isr
                0x0800090a                tim8_brk_tim12_isr
                0x0800090a                dma1_stream7_isr
                0x0800090a                usart3_isr
                0x0800090a                tim7_isr
                0x0800090a                dma2d_isr
                0x0800090a                uart8_isr
                0x0800090a                dma1_stream2_isr
                0x0800090a                otg_hs_isr
                0x0800090a                blocking_handler
                0x0800090a                tim5_isr
                0x0800090a                rtc_wkup_isr
                0x0800090a                otg_fs_isr
                0x0800090a                spi1_isr
                0x0800090a                i2c3_er_isr
                0x0800090a                exti2_isr
                0x0800090a                spi5_isr
                0x0800090a                usb_fs_wkup_isr
                0x0800090a                tamp_stamp_isr
                0x0800090a                can1_rx1_isr
                0x0800090a                dma2_stream0_isr
                0x0800090a                usart1_isr
                0x0800090a                i2c3_ev_isr
                0x0800090a                usage_fault_handler
                0x0800090a                can2_rx0_isr
                0x0800090a                dma1_stream6_isr
                0x0800090a                can2_rx1_isr
                0x0800090a                can1_sce_isr
                0x0800090a                tim1_cc_isr
                0x0800090a                can1_tx_isr
                0x0800090a                tim1_up_tim10_isr
                0x0800090a                sdio_isr
                0x0800090a                eth_isr
                0x0800090a                spi6_isr
                0x0800090a                dma2_stream5_isr
                0x0800090a                pvd_isr
                0x0800090a                can1_rx0_isr
                0x0800090a                rcc_isr
                0x0800090a                dma2_stream3_isr
                0x0800090a                flash_isr
                0x0800090a                uart4_isr
                0x0800090a                lcd_tft_isr
                0x0800090a                rtc_alarm_isr
                0x0800090a                exti15_10_isr
                0x0800090a                hash_rng_isr
                0x0800090a                tim1_trg_com_tim11_isr
                0x0800090a                hard_fault_handler
                0x0800090a                exti1_isr
                0x0800090a                i2c1_ev_isr
                0x0800090a                usart6_isr
                0x0800090a                spi2_isr
                0x0800090a                cryp_isr
                0x0800090a                nvic_wwdg_isr
                0x0800090a                dma1_stream1_isr
                0x0800090a                dma2_stream4_isr
                0x0800090a                exti3_isr
                0x0800090a                tim3_isr
                0x0800090a                usart2_isr
                0x0800090a                sai1_isr
                0x0800090a                fpu_isr
                0x0800090a                dma1_stream4_isr
                0x0800090a                i2c2_er_isr
                0x0800090a                i2c2_ev_isr
                0x0800090a                uart5_isr
                0x0800090a                dma2_stream6_isr
                0x0800090a                spi4_isr
                0x0800090a                adc_isr
                0x0800090a                dma2_stream7_isr
                0x0800090a                tim8_up_tim13_isr
                0x0800090a                fsmc_isr
                0x0800090a                exti4_isr
                0x0800090a                tim6_dac_isr
                0x0800090a                dma1_stream3_isr
                0x0800090a                tim8_trg_com_tim14_isr
                0x0800090a                mem_manage_handler
                0x0800090a                lcd_tft_err_isr
                0x0800090a                can2_tx_isr
                0x0800090a                exti9_5_isr
                0x0800090a                tim1_brk_tim9_isr
                0x0800090a                uart7_isr
                0x0800090a                can2_sce_isr
                0x0800090a                tim4_isr
                0x0800090a                otg_hs_wkup_isr
                0x0800090a                i2c1_er_isr
                0x0800090a                dma1_stream0_isr
                0x0800090a                tim8_cc_isr
                0x0800090a                dcmi_isr
                0x0800090a                dma2_stream2_isr
                0x0800090a                eth_wkup_isr
                0x0800090a                bus_fault_handler
                0x0800090a                otg_hs_ep1_out_isr
                0x0800090a                spi3_isr
                0x0800090a                dma1_stream5_isr
                0x0800090a                otg_hs_ep1_in_isr
                0x0800090a                tim2_isr
                0x0800090a                exti0_isr
 .text.null_handler
                0x0800090c        0x2 ../libopencm3/lib\libopencm3_stm32f4.a(vector.o)
                0x0800090c                sv_call_handler
                0x0800090c                pend_sv_handler
                0x0800090c                debug_monitor_handler
                0x0800090c                nmi_handler
                0x0800090c                null_handler
 *fill*         0x0800090e        0x2 
 .text.reset_handler
                0x08000910       0xa0 ../libopencm3/lib\libopencm3_stm32f4.a(vector.o)
                0x08000910                reset_handler
 .text.systick_set_clocksource
                0x080009b0       0x14 ../libopencm3/lib\libopencm3_stm32f4.a(systick.o)
                0x080009b0                systick_set_clocksource
 .text.systick_set_frequency
                0x080009c4       0x38 ../libopencm3/lib\libopencm3_stm32f4.a(systick.o)
                0x080009c4                systick_set_frequency
 .text.systick_interrupt_enable
                0x080009fc        0xe ../libopencm3/lib\libopencm3_stm32f4.a(systick.o)
                0x080009fc                systick_interrupt_enable
 .text.systick_counter_enable
                0x08000a0a        0xe ../libopencm3/lib\libopencm3_stm32f4.a(systick.o)
                0x08000a0a                systick_counter_enable
 .text.flash_set_ws
                0x08000a18       0x18 ../libopencm3/lib\libopencm3_stm32f4.a(flash_common_all.o)
                0x08000a18                flash_set_ws
 .text.flash_dcache_enable
                0x08000a30       0x14 ../libopencm3/lib\libopencm3_stm32f4.a(flash_common_idcache.o)
                0x08000a30                flash_dcache_enable
 .text.flash_dcache_disable
                0x08000a44       0x14 ../libopencm3/lib\libopencm3_stm32f4.a(flash_common_idcache.o)
                0x08000a44                flash_dcache_disable
 .text.flash_icache_enable
                0x08000a58       0x14 ../libopencm3/lib\libopencm3_stm32f4.a(flash_common_idcache.o)
                0x08000a58                flash_icache_enable
 .text.flash_icache_disable
                0x08000a6c       0x14 ../libopencm3/lib\libopencm3_stm32f4.a(flash_common_idcache.o)
                0x08000a6c                flash_icache_disable
 .text.pwr_set_vos_scale
                0x08000a80       0x10 ../libopencm3/lib\libopencm3_stm32f4.a(pwr.o)
                0x08000a80                pwr_set_vos_scale
                0x08000a90                        . = ALIGN (0x4)
 *(.rodata*)
 .rodata.rcc_hsi_configs
                0x08000a90       0x70 ../libopencm3/lib\libopencm3_stm32f4.a(rcc.o)
                0x08000a90                rcc_hsi_configs
                0x08000b00                        . = ALIGN (0x4)

.glue_7         0x08000b00        0x0
 .glue_7        0x08000b00        0x0 linker stubs

.glue_7t        0x08000b00        0x0
 .glue_7t       0x08000b00        0x0 linker stubs

.vfp11_veneer   0x08000b00        0x0
 .vfp11_veneer  0x08000b00        0x0 linker stubs

.v4_bx          0x08000b00        0x0
 .v4_bx         0x08000b00        0x0 linker stubs

.iplt           0x08000b00        0x0
 .iplt          0x08000b00        0x0 src/firmware.o

.rel.dyn        0x08000b00        0x0
 .rel.iplt      0x08000b00        0x0 src/firmware.o

.preinit_array  0x08000b00        0x0
                0x08000b00                        . = ALIGN (0x4)
                0x08000b00                        __preinit_array_start = .
 *(.preinit_array)
                0x08000b00                        __preinit_array_end = .

.init_array     0x08000b00        0x0
                0x08000b00                        . = ALIGN (0x4)
                0x08000b00                        __init_array_start = .
 *(SORT_BY_NAME(.init_array.*))
 *(.init_array)
                0x08000b00                        __init_array_end = .

.fini_array     0x08000b00        0x0
                0x08000b00                        . = ALIGN (0x4)
                0x08000b00                        __fini_array_start = .
 *(.fini_array)
 *(SORT_BY_NAME(.fini_array.*))
                0x08000b00                        __fini_array_end = .

.ARM.extab
 *(.ARM.extab*)

.ARM.exidx      0x08000b00        0x0
                0x08000b00                        __exidx_start = .
 *(.ARM.exidx*)
                0x08000b00                        __exidx_end = .
                0x08000b00                        . = ALIGN (0x4)
                0x08000b00                        _etext = .

.noinit
 *(.noinit*)
                0x08000b00                        . = ALIGN (0x4)

.data           0x20000000        0xc load address 0x08000b00
                0x20000000                        _data = .
 *(.data*)
 .data.rcc_apb2_frequency
                0x20000000        0x4 ../libopencm3/lib\libopencm3_stm32f4.a(rcc.o)
                0x20000000                rcc_apb2_frequency
 .data.rcc_apb1_frequency
                0x20000004        0x4 ../libopencm3/lib\libopencm3_stm32f4.a(rcc.o)
                0x20000004                rcc_apb1_frequency
 .data.rcc_ahb_frequency
                0x20000008        0x4 ../libopencm3/lib\libopencm3_stm32f4.a(rcc.o)
                0x20000008                rcc_ahb_frequency
 *(.ramtext*)
                0x2000000c                        . = ALIGN (0x4)
                0x2000000c                        _edata = .
                0x08000b00                        _data_loadaddr = LOADADDR (.data)

.igot.plt       0x2000000c        0x0 load address 0x08000b0c
 .igot.plt      0x2000000c        0x0 src/firmware.o

.bss            0x20000010        0x8 load address 0x08000b0c
 *(.bss*)
 .bss.ticks     0x20000010        0x8 src/core/system.o
 *(COMMON)
                0x20000018                        . = ALIGN (0x4)
                0x20000018                        _ebss = .

/DISCARD/
 *(.eh_frame)
                0x20000018                        . = ALIGN (0x4)
                0x20000018                        end = .
                0x20018000                        PROVIDE (_stack = (ORIGIN (ram) + LENGTH (ram)))
OUTPUT(firmware.elf elf32-littlearm)
LOAD linker stubs

.debug_info     0x00000000     0x444a
 .debug_info    0x00000000      0x6c0 src/firmware.o
 .debug_info    0x000006c0      0x31e src/core/system.o
 .debug_info    0x000009de      0x755 src/core/timer.o
 .debug_info    0x00001133      0x21b ../libopencm3/lib\libopencm3_stm32f4.a(gpio_common_f0234.o)
 .debug_info    0x0000134e      0x932 ../libopencm3/lib\libopencm3_stm32f4.a(rcc_common_all.o)
 .debug_info    0x00001c80      0xfa1 ../libopencm3/lib\libopencm3_stm32f4.a(rcc.o)
 .debug_info    0x00002c21     0x1004 ../libopencm3/lib\libopencm3_stm32f4.a(timer_common_all.o)
 .debug_info    0x00003c25      0x2d9 ../libopencm3/lib\libopencm3_stm32f4.a(vector.o)
 .debug_info    0x00003efe      0x28f ../libopencm3/lib\libopencm3_stm32f4.a(systick.o)
 .debug_info    0x0000418d       0xf1 ../libopencm3/lib\libopencm3_stm32f4.a(flash_common_all.o)
 .debug_info    0x0000427e       0xe9 ../libopencm3/lib\libopencm3_stm32f4.a(flash_common_idcache.o)
 .debug_info    0x00004367       0xe3 ../libopencm3/lib\libopencm3_stm32f4.a(pwr.o)

.debug_abbrev   0x00000000      0xf3f
 .debug_abbrev  0x00000000      0x14c src/firmware.o
 .debug_abbrev  0x0000014c      0x1dc src/core/system.o
 .debug_abbrev  0x00000328      0x11a src/core/timer.o
 .debug_abbrev  0x00000442       0xc2 ../libopencm3/lib\libopencm3_stm32f4.a(gpio_common_f0234.o)
 .debug_abbrev  0x00000504      0x185 ../libopencm3/lib\libopencm3_stm32f4.a(rcc_common_all.o)
 .debug_abbrev  0x00000689      0x2da ../libopencm3/lib\libopencm3_stm32f4.a(rcc.o)
 .debug_abbrev  0x00000963      0x1ac ../libopencm3/lib\libopencm3_stm32f4.a(timer_common_all.o)
 .debug_abbrev  0x00000b0f      0x15f ../libopencm3/lib\libopencm3_stm32f4.a(vector.o)
 .debug_abbrev  0x00000c6e      0x14e ../libopencm3/lib\libopencm3_stm32f4.a(systick.o)
 .debug_abbrev  0x00000dbc       0x96 ../libopencm3/lib\libopencm3_stm32f4.a(flash_common_all.o)
 .debug_abbrev  0x00000e52       0x56 ../libopencm3/lib\libopencm3_stm32f4.a(flash_common_idcache.o)
 .debug_abbrev  0x00000ea8       0x97 ../libopencm3/lib\libopencm3_stm32f4.a(pwr.o)

.debug_loclists
                0x00000000      0xbde
 .debug_loclists
                0x00000000       0x50 src/firmware.o
 .debug_loclists
                0x00000050       0x84 src/core/timer.o
 .debug_loclists
                0x000000d4       0xf9 ../libopencm3/lib\libopencm3_stm32f4.a(gpio_common_f0234.o)
 .debug_loclists
                0x000001cd       0x87 ../libopencm3/lib\libopencm3_stm32f4.a(rcc_common_all.o)
 .debug_loclists
                0x00000254      0x52f ../libopencm3/lib\libopencm3_stm32f4.a(rcc.o)
 .debug_loclists
                0x00000783      0x1d5 ../libopencm3/lib\libopencm3_stm32f4.a(timer_common_all.o)
 .debug_loclists
                0x00000958       0xb6 ../libopencm3/lib\libopencm3_stm32f4.a(vector.o)
 .debug_loclists
                0x00000a0e      0x192 ../libopencm3/lib\libopencm3_stm32f4.a(systick.o)
 .debug_loclists
                0x00000ba0       0x17 ../libopencm3/lib\libopencm3_stm32f4.a(flash_common_all.o)
 .debug_loclists
                0x00000bb7       0x27 ../libopencm3/lib\libopencm3_stm32f4.a(pwr.o)

.debug_aranges  0x00000000      0x5f8
 .debug_aranges
                0x00000000       0x20 src/firmware.o
 .debug_aranges
                0x00000020       0x30 src/core/system.o
 .debug_aranges
                0x00000050       0x28 src/core/timer.o
 .debug_aranges
                0x00000078       0x30 ../libopencm3/lib\libopencm3_stm32f4.a(gpio_common_f0234.o)
 .debug_aranges
                0x000000a8       0x80 ../libopencm3/lib\libopencm3_stm32f4.a(rcc_common_all.o)
 .debug_aranges
                0x00000128      0x110 ../libopencm3/lib\libopencm3_stm32f4.a(rcc.o)
 .debug_aranges
                0x00000238      0x278 ../libopencm3/lib\libopencm3_stm32f4.a(timer_common_all.o)
 .debug_aranges
                0x000004b0       0x30 ../libopencm3/lib\libopencm3_stm32f4.a(vector.o)
 .debug_aranges
                0x000004e0       0x78 ../libopencm3/lib\libopencm3_stm32f4.a(systick.o)
 .debug_aranges
                0x00000558       0x38 ../libopencm3/lib\libopencm3_stm32f4.a(flash_common_all.o)
 .debug_aranges
                0x00000590       0x48 ../libopencm3/lib\libopencm3_stm32f4.a(flash_common_idcache.o)
 .debug_aranges
                0x000005d8       0x20 ../libopencm3/lib\libopencm3_stm32f4.a(pwr.o)

.debug_rnglists
                0x00000000      0x499
 .debug_rnglists
                0x00000000       0x2f src/firmware.o
 .debug_rnglists
                0x0000002f       0x37 src/core/system.o
 .debug_rnglists
                0x00000066       0x19 src/core/timer.o
 .debug_rnglists
                0x0000007f       0x1f ../libopencm3/lib\libopencm3_stm32f4.a(gpio_common_f0234.o)
 .debug_rnglists
                0x0000009e       0x5b ../libopencm3/lib\libopencm3_stm32f4.a(rcc_common_all.o)
 .debug_rnglists
                0x000000f9       0xe0 ../libopencm3/lib\libopencm3_stm32f4.a(rcc.o)
 .debug_rnglists
                0x000001d9      0x1d6 ../libopencm3/lib\libopencm3_stm32f4.a(timer_common_all.o)
 .debug_rnglists
                0x000003af       0x20 ../libopencm3/lib\libopencm3_stm32f4.a(vector.o)
 .debug_rnglists
                0x000003cf       0x61 ../libopencm3/lib\libopencm3_stm32f4.a(systick.o)
 .debug_rnglists
                0x00000430       0x25 ../libopencm3/lib\libopencm3_stm32f4.a(flash_common_all.o)
 .debug_rnglists
                0x00000455       0x31 ../libopencm3/lib\libopencm3_stm32f4.a(flash_common_idcache.o)
 .debug_rnglists
                0x00000486       0x13 ../libopencm3/lib\libopencm3_stm32f4.a(pwr.o)

.debug_macro    0x00000000     0x511d
 .debug_macro   0x00000000      0x149 src/firmware.o
 .debug_macro   0x00000149      0xacc src/firmware.o
 .debug_macro   0x00000c15       0x1c src/firmware.o
 .debug_macro   0x00000c31       0x22 src/firmware.o
 .debug_macro   0x00000c53       0x56 src/firmware.o
 .debug_macro   0x00000ca9       0x51 src/firmware.o
 .debug_macro   0x00000cfa      0x103 src/firmware.o
 .debug_macro   0x00000dfd       0x6a src/firmware.o
 .debug_macro   0x00000e67      0x1df src/firmware.o
 .debug_macro   0x00001046       0x22 src/firmware.o
 .debug_macro   0x00001068       0xe8 src/firmware.o
 .debug_macro   0x00001150       0x76 src/firmware.o
 .debug_macro   0x000011c6      0x280 src/firmware.o
 .debug_macro   0x00001446       0x8e src/firmware.o
 .debug_macro   0x000014d4       0x46 src/firmware.o
 .debug_macro   0x0000151a      0xcea src/firmware.o
 .debug_macro   0x00002204       0x76 src/firmware.o
 .debug_macro   0x0000227a      0x37e src/firmware.o
 .debug_macro   0x000025f8       0xca src/firmware.o
 .debug_macro   0x000026c2      0x458 src/firmware.o
 .debug_macro   0x00002b1a       0x10 src/firmware.o
 .debug_macro   0x00002b2a      0x11e src/core/system.o
 .debug_macro   0x00002c48      0x100 src/core/system.o
 .debug_macro   0x00002d48       0x69 src/core/system.o
 .debug_macro   0x00002db1       0x6e src/core/system.o
 .debug_macro   0x00002e1f      0x22c src/core/system.o
 .debug_macro   0x0000304b      0x286 src/core/system.o
 .debug_macro   0x000032d1      0x106 src/core/timer.o
 .debug_macro   0x000033d7      0xf7d src/core/timer.o
 .debug_macro   0x00004354       0x52 src/core/timer.o
 .debug_macro   0x000043a6       0xd1 ../libopencm3/lib\libopencm3_stm32f4.a(gpio_common_f0234.o)
 .debug_macro   0x00004477       0xf0 ../libopencm3/lib\libopencm3_stm32f4.a(rcc_common_all.o)
 .debug_macro   0x00004567      0x124 ../libopencm3/lib\libopencm3_stm32f4.a(rcc.o)
 .debug_macro   0x0000468b       0x16 ../libopencm3/lib\libopencm3_stm32f4.a(rcc.o)
 .debug_macro   0x000046a1       0x1c ../libopencm3/lib\libopencm3_stm32f4.a(rcc.o)
 .debug_macro   0x000046bd      0x143 ../libopencm3/lib\libopencm3_stm32f4.a(rcc.o)
 .debug_macro   0x00004800       0x10 ../libopencm3/lib\libopencm3_stm32f4.a(rcc.o)
 .debug_macro   0x00004810       0xf0 ../libopencm3/lib\libopencm3_stm32f4.a(timer_common_all.o)
 .debug_macro   0x00004900       0xd3 ../libopencm3/lib\libopencm3_stm32f4.a(vector.o)
 .debug_macro   0x000049d3      0x452 ../libopencm3/lib\libopencm3_stm32f4.a(vector.o)
 .debug_macro   0x00004e25       0x92 ../libopencm3/lib\libopencm3_stm32f4.a(systick.o)
 .debug_macro   0x00004eb7       0xd7 ../libopencm3/lib\libopencm3_stm32f4.a(flash_common_all.o)
 .debug_macro   0x00004f8e       0xd7 ../libopencm3/lib\libopencm3_stm32f4.a(flash_common_idcache.o)
 .debug_macro   0x00005065       0xb8 ../libopencm3/lib\libopencm3_stm32f4.a(pwr.o)

.debug_line     0x00000000     0x4718
 .debug_line    0x00000000      0x47c src/firmware.o
 .debug_line    0x0000047c      0x447 src/core/system.o
 .debug_line    0x000008c3      0x3e9 src/core/timer.o
 .debug_line    0x00000cac      0x52b ../libopencm3/lib\libopencm3_stm32f4.a(gpio_common_f0234.o)
 .debug_line    0x000011d7      0x4ee ../libopencm3/lib\libopencm3_stm32f4.a(rcc_common_all.o)
 .debug_line    0x000016c5      0xb57 ../libopencm3/lib\libopencm3_stm32f4.a(rcc.o)
 .debug_line    0x0000221c     0x113a ../libopencm3/lib\libopencm3_stm32f4.a(timer_common_all.o)
 .debug_line    0x00003356      0x484 ../libopencm3/lib\libopencm3_stm32f4.a(vector.o)
 .debug_line    0x000037da      0x418 ../libopencm3/lib\libopencm3_stm32f4.a(systick.o)
 .debug_line    0x00003bf2      0x3f0 ../libopencm3/lib\libopencm3_stm32f4.a(flash_common_all.o)
 .debug_line    0x00003fe2      0x409 ../libopencm3/lib\libopencm3_stm32f4.a(flash_common_idcache.o)
 .debug_line    0x000043eb      0x32d ../libopencm3/lib\libopencm3_stm32f4.a(pwr.o)

.debug_str      0x00000000    0x13a3f
 .debug_str     0x00000000    0x13a3f src/firmware.o
                               0xbfbb (size before relaxing)
 .debug_str     0x00013a3f     0x9eb2 src/core/system.o
 .debug_str     0x00013a3f     0xd9b6 src/core/timer.o
 .debug_str     0x00013a3f     0x6734 ../libopencm3/lib\libopencm3_stm32f4.a(gpio_common_f0234.o)
 .debug_str     0x00013a3f     0x9ad1 ../libopencm3/lib\libopencm3_stm32f4.a(rcc_common_all.o)
 .debug_str     0x00013a3f     0xa346 ../libopencm3/lib\libopencm3_stm32f4.a(rcc.o)
 .debug_str     0x00013a3f     0xdd75 ../libopencm3/lib\libopencm3_stm32f4.a(timer_common_all.o)
 .debug_str     0x00013a3f     0x6fc7 ../libopencm3/lib\libopencm3_stm32f4.a(vector.o)
 .debug_str     0x00013a3f     0x462a ../libopencm3/lib\libopencm3_stm32f4.a(systick.o)
 .debug_str     0x00013a3f     0x5a69 ../libopencm3/lib\libopencm3_stm32f4.a(flash_common_all.o)
 .debug_str     0x00013a3f     0x5a8b ../libopencm3/lib\libopencm3_stm32f4.a(flash_common_idcache.o)
 .debug_str     0x00013a3f     0x56e5 ../libopencm3/lib\libopencm3_stm32f4.a(pwr.o)

.comment        0x00000000       0x44
 .comment       0x00000000       0x44 src/firmware.o
                                 0x45 (size before relaxing)
 .comment       0x00000044       0x45 src/core/system.o
 .comment       0x00000044       0x45 src/core/timer.o
 .comment       0x00000044       0x45 ../libopencm3/lib\libopencm3_stm32f4.a(gpio_common_f0234.o)
 .comment       0x00000044       0x45 ../libopencm3/lib\libopencm3_stm32f4.a(rcc_common_all.o)
 .comment       0x00000044       0x45 ../libopencm3/lib\libopencm3_stm32f4.a(rcc.o)
 .comment       0x00000044       0x45 ../libopencm3/lib\libopencm3_stm32f4.a(timer_common_all.o)
 .comment       0x00000044       0x45 ../libopencm3/lib\libopencm3_stm32f4.a(vector.o)
 .comment       0x00000044       0x45 ../libopencm3/lib\libopencm3_stm32f4.a(systick.o)
 .comment       0x00000044       0x45 ../libopencm3/lib\libopencm3_stm32f4.a(flash_common_all.o)
 .comment       0x00000044       0x45 ../libopencm3/lib\libopencm3_stm32f4.a(flash_common_idcache.o)
 .comment       0x00000044       0x45 ../libopencm3/lib\libopencm3_stm32f4.a(pwr.o)

.ARM.attributes
                0x00000000       0x32
 .ARM.attributes
                0x00000000       0x34 src/firmware.o
 .ARM.attributes
                0x00000034       0x34 src/core/system.o
 .ARM.attributes
                0x00000068       0x34 src/core/timer.o
 .ARM.attributes
                0x0000009c       0x34 ../libopencm3/lib\libopencm3_stm32f4.a(gpio_common_f0234.o)
 .ARM.attributes
                0x000000d0       0x34 ../libopencm3/lib\libopencm3_stm32f4.a(rcc_common_all.o)
 .ARM.attributes
                0x00000104       0x34 ../libopencm3/lib\libopencm3_stm32f4.a(rcc.o)
 .ARM.attributes
                0x00000138       0x34 ../libopencm3/lib\libopencm3_stm32f4.a(timer_common_all.o)
 .ARM.attributes
                0x0000016c       0x34 ../libopencm3/lib\libopencm3_stm32f4.a(vector.o)
 .ARM.attributes
                0x000001a0       0x34 ../libopencm3/lib\libopencm3_stm32f4.a(systick.o)
 .ARM.attributes
                0x000001d4       0x34 ../libopencm3/lib\libopencm3_stm32f4.a(flash_common_all.o)
 .ARM.attributes
                0x00000208       0x34 ../libopencm3/lib\libopencm3_stm32f4.a(flash_common_idcache.o)
 .ARM.attributes
                0x0000023c       0x34 ../libopencm3/lib\libopencm3_stm32f4.a(pwr.o)

.debug_frame    0x00000000      0xb2c
 .debug_frame   0x00000000       0x3c src/firmware.o
 .debug_frame   0x0000003c       0x54 src/core/system.o
 .debug_frame   0x00000090       0x3c src/core/timer.o
 .debug_frame   0x000000cc       0x70 ../libopencm3/lib\libopencm3_stm32f4.a(gpio_common_f0234.o)
 .debug_frame   0x0000013c       0xe0 ../libopencm3/lib\libopencm3_stm32f4.a(rcc_common_all.o)
 .debug_frame   0x0000021c      0x234 ../libopencm3/lib\libopencm3_stm32f4.a(rcc.o)
 .debug_frame   0x00000450      0x4d8 ../libopencm3/lib\libopencm3_stm32f4.a(timer_common_all.o)
 .debug_frame   0x00000928       0x4c ../libopencm3/lib\libopencm3_stm32f4.a(vector.o)
 .debug_frame   0x00000974       0xd8 ../libopencm3/lib\libopencm3_stm32f4.a(systick.o)
 .debug_frame   0x00000a4c       0x50 ../libopencm3/lib\libopencm3_stm32f4.a(flash_common_all.o)
 .debug_frame   0x00000a9c       0x70 ../libopencm3/lib\libopencm3_stm32f4.a(flash_common_idcache.o)
 .debug_frame   0x00000b0c       0x20 ../libopencm3/lib\libopencm3_stm32f4.a(pwr.o)

Cross Reference Table

Symbol                                            File
__fini_array_end                                  ../libopencm3/lib\libopencm3_stm32f4.a(vector.o)
__fini_array_start                                ../libopencm3/lib\libopencm3_stm32f4.a(vector.o)
__init_array_end                                  ../libopencm3/lib\libopencm3_stm32f4.a(vector.o)
__init_array_start                                ../libopencm3/lib\libopencm3_stm32f4.a(vector.o)
__preinit_array_end                               ../libopencm3/lib\libopencm3_stm32f4.a(vector.o)
__preinit_array_start                             ../libopencm3/lib\libopencm3_stm32f4.a(vector.o)
_data                                             ../libopencm3/lib\libopencm3_stm32f4.a(vector.o)
_data_loadaddr                                    ../libopencm3/lib\libopencm3_stm32f4.a(vector.o)
_ebss                                             ../libopencm3/lib\libopencm3_stm32f4.a(vector.o)
_edata                                            ../libopencm3/lib\libopencm3_stm32f4.a(vector.o)
_stack                                            ../libopencm3/lib\libopencm3_stm32f4.a(vector.o)
adc_isr                                           ../libopencm3/lib\libopencm3_stm32f4.a(vector.o)
blocking_handler                                  ../libopencm3/lib\libopencm3_stm32f4.a(vector.o)
bus_fault_handler                                 ../libopencm3/lib\libopencm3_stm32f4.a(vector.o)
can1_rx0_isr                                      ../libopencm3/lib\libopencm3_stm32f4.a(vector.o)
can1_rx1_isr                                      ../libopencm3/lib\libopencm3_stm32f4.a(vector.o)
can1_sce_isr                                      ../libopencm3/lib\libopencm3_stm32f4.a(vector.o)
can1_tx_isr                                       ../libopencm3/lib\libopencm3_stm32f4.a(vector.o)
can2_rx0_isr                                      ../libopencm3/lib\libopencm3_stm32f4.a(vector.o)
can2_rx1_isr                                      ../libopencm3/lib\libopencm3_stm32f4.a(vector.o)
can2_sce_isr                                      ../libopencm3/lib\libopencm3_stm32f4.a(vector.o)
can2_tx_isr                                       ../libopencm3/lib\libopencm3_stm32f4.a(vector.o)
cryp_isr                                          ../libopencm3/lib\libopencm3_stm32f4.a(vector.o)
dcmi_isr                                          ../libopencm3/lib\libopencm3_stm32f4.a(vector.o)
debug_monitor_handler                             ../libopencm3/lib\libopencm3_stm32f4.a(vector.o)
dma1_stream0_isr                                  ../libopencm3/lib\libopencm3_stm32f4.a(vector.o)
dma1_stream1_isr                                  ../libopencm3/lib\libopencm3_stm32f4.a(vector.o)
dma1_stream2_isr                                  ../libopencm3/lib\libopencm3_stm32f4.a(vector.o)
dma1_stream3_isr                                  ../libopencm3/lib\libopencm3_stm32f4.a(vector.o)
dma1_stream4_isr                                  ../libopencm3/lib\libopencm3_stm32f4.a(vector.o)
dma1_stream5_isr                                  ../libopencm3/lib\libopencm3_stm32f4.a(vector.o)
dma1_stream6_isr                                  ../libopencm3/lib\libopencm3_stm32f4.a(vector.o)
dma1_stream7_isr                                  ../libopencm3/lib\libopencm3_stm32f4.a(vector.o)
dma2_stream0_isr                                  ../libopencm3/lib\libopencm3_stm32f4.a(vector.o)
dma2_stream1_isr                                  ../libopencm3/lib\libopencm3_stm32f4.a(vector.o)
dma2_stream2_isr                                  ../libopencm3/lib\libopencm3_stm32f4.a(vector.o)
dma2_stream3_isr                                  ../libopencm3/lib\libopencm3_stm32f4.a(vector.o)
dma2_stream4_isr                                  ../libopencm3/lib\libopencm3_stm32f4.a(vector.o)
dma2_stream5_isr                                  ../libopencm3/lib\libopencm3_stm32f4.a(vector.o)
dma2_stream6_isr                                  ../libopencm3/lib\libopencm3_stm32f4.a(vector.o)
dma2_stream7_isr                                  ../libopencm3/lib\libopencm3_stm32f4.a(vector.o)
dma2d_isr                                         ../libopencm3/lib\libopencm3_stm32f4.a(vector.o)
eth_isr                                           ../libopencm3/lib\libopencm3_stm32f4.a(vector.o)
eth_wkup_isr                                      ../libopencm3/lib\libopencm3_stm32f4.a(vector.o)
exti0_isr                                         ../libopencm3/lib\libopencm3_stm32f4.a(vector.o)
exti15_10_isr                                     ../libopencm3/lib\libopencm3_stm32f4.a(vector.o)
exti1_isr                                         ../libopencm3/lib\libopencm3_stm32f4.a(vector.o)
exti2_isr                                         ../libopencm3/lib\libopencm3_stm32f4.a(vector.o)
exti3_isr                                         ../libopencm3/lib\libopencm3_stm32f4.a(vector.o)
exti4_isr                                         ../libopencm3/lib\libopencm3_stm32f4.a(vector.o)
exti9_5_isr                                       ../libopencm3/lib\libopencm3_stm32f4.a(vector.o)
flash_dcache_disable                              ../libopencm3/lib\libopencm3_stm32f4.a(flash_common_idcache.o)
                                                  ../libopencm3/lib\libopencm3_stm32f4.a(rcc.o)
flash_dcache_enable                               ../libopencm3/lib\libopencm3_stm32f4.a(flash_common_idcache.o)
                                                  ../libopencm3/lib\libopencm3_stm32f4.a(rcc.o)
flash_dcache_reset                                ../libopencm3/lib\libopencm3_stm32f4.a(flash_common_idcache.o)
flash_icache_disable                              ../libopencm3/lib\libopencm3_stm32f4.a(flash_common_idcache.o)
                                                  ../libopencm3/lib\libopencm3_stm32f4.a(rcc.o)
flash_icache_enable                               ../libopencm3/lib\libopencm3_stm32f4.a(flash_common_idcache.o)
                                                  ../libopencm3/lib\libopencm3_stm32f4.a(rcc.o)
flash_icache_reset                                ../libopencm3/lib\libopencm3_stm32f4.a(flash_common_idcache.o)
flash_isr                                         ../libopencm3/lib\libopencm3_stm32f4.a(vector.o)
flash_prefetch_disable                            ../libopencm3/lib\libopencm3_stm32f4.a(flash_common_all.o)
flash_prefetch_enable                             ../libopencm3/lib\libopencm3_stm32f4.a(flash_common_all.o)
flash_set_ws                                      ../libopencm3/lib\libopencm3_stm32f4.a(flash_common_all.o)
                                                  ../libopencm3/lib\libopencm3_stm32f4.a(rcc.o)
flash_unlock_option_bytes                         ../libopencm3/lib\libopencm3_stm32f4.a(flash_common_all.o)
fpu_isr                                           ../libopencm3/lib\libopencm3_stm32f4.a(vector.o)
fsmc_isr                                          ../libopencm3/lib\libopencm3_stm32f4.a(vector.o)
gpio_mode_setup                                   ../libopencm3/lib\libopencm3_stm32f4.a(gpio_common_f0234.o)
                                                  src/firmware.o
gpio_set_af                                       ../libopencm3/lib\libopencm3_stm32f4.a(gpio_common_f0234.o)
                                                  src/firmware.o
gpio_set_output_options                           ../libopencm3/lib\libopencm3_stm32f4.a(gpio_common_f0234.o)
hard_fault_handler                                ../libopencm3/lib\libopencm3_stm32f4.a(vector.o)
hash_rng_isr                                      ../libopencm3/lib\libopencm3_stm32f4.a(vector.o)
i2c1_er_isr                                       ../libopencm3/lib\libopencm3_stm32f4.a(vector.o)
i2c1_ev_isr                                       ../libopencm3/lib\libopencm3_stm32f4.a(vector.o)
i2c2_er_isr                                       ../libopencm3/lib\libopencm3_stm32f4.a(vector.o)
i2c2_ev_isr                                       ../libopencm3/lib\libopencm3_stm32f4.a(vector.o)
i2c3_er_isr                                       ../libopencm3/lib\libopencm3_stm32f4.a(vector.o)
i2c3_ev_isr                                       ../libopencm3/lib\libopencm3_stm32f4.a(vector.o)
lcd_tft_err_isr                                   ../libopencm3/lib\libopencm3_stm32f4.a(vector.o)
lcd_tft_isr                                       ../libopencm3/lib\libopencm3_stm32f4.a(vector.o)
main                                              src/firmware.o
                                                  ../libopencm3/lib\libopencm3_stm32f4.a(vector.o)
mem_manage_handler                                ../libopencm3/lib\libopencm3_stm32f4.a(vector.o)
nmi_handler                                       ../libopencm3/lib\libopencm3_stm32f4.a(vector.o)
null_handler                                      ../libopencm3/lib\libopencm3_stm32f4.a(vector.o)
nvic_wwdg_isr                                     ../libopencm3/lib\libopencm3_stm32f4.a(vector.o)
otg_fs_isr                                        ../libopencm3/lib\libopencm3_stm32f4.a(vector.o)
otg_hs_ep1_in_isr                                 ../libopencm3/lib\libopencm3_stm32f4.a(vector.o)
otg_hs_ep1_out_isr                                ../libopencm3/lib\libopencm3_stm32f4.a(vector.o)
otg_hs_isr                                        ../libopencm3/lib\libopencm3_stm32f4.a(vector.o)
otg_hs_wkup_isr                                   ../libopencm3/lib\libopencm3_stm32f4.a(vector.o)
pend_sv_handler                                   ../libopencm3/lib\libopencm3_stm32f4.a(vector.o)
pvd_isr                                           ../libopencm3/lib\libopencm3_stm32f4.a(vector.o)
pwr_set_vos_scale                                 ../libopencm3/lib\libopencm3_stm32f4.a(pwr.o)
                                                  ../libopencm3/lib\libopencm3_stm32f4.a(rcc.o)
rcc_ahb_frequency                                 ../libopencm3/lib\libopencm3_stm32f4.a(rcc.o)
rcc_apb1_frequency                                ../libopencm3/lib\libopencm3_stm32f4.a(rcc.o)
rcc_apb2_frequency                                ../libopencm3/lib\libopencm3_stm32f4.a(rcc.o)
rcc_clock_setup_hse_3v3                           ../libopencm3/lib\libopencm3_stm32f4.a(rcc.o)
rcc_clock_setup_pll                               ../libopencm3/lib\libopencm3_stm32f4.a(rcc.o)
                                                  src/core/system.o
rcc_css_disable                                   ../libopencm3/lib\libopencm3_stm32f4.a(rcc.o)
rcc_css_enable                                    ../libopencm3/lib\libopencm3_stm32f4.a(rcc.o)
rcc_css_int_clear                                 ../libopencm3/lib\libopencm3_stm32f4.a(rcc.o)
rcc_css_int_flag                                  ../libopencm3/lib\libopencm3_stm32f4.a(rcc.o)
rcc_get_div_from_hpre                             ../libopencm3/lib\libopencm3_stm32f4.a(rcc_common_all.o)
rcc_get_i2c_clk_freq                              ../libopencm3/lib\libopencm3_stm32f4.a(rcc.o)
rcc_get_spi_clk_freq                              ../libopencm3/lib\libopencm3_stm32f4.a(rcc.o)
rcc_get_timer_clk_freq                            ../libopencm3/lib\libopencm3_stm32f4.a(rcc.o)
rcc_get_usart_clk_freq                            ../libopencm3/lib\libopencm3_stm32f4.a(rcc.o)
rcc_hse_12mhz_3v3                                 ../libopencm3/lib\libopencm3_stm32f4.a(rcc.o)
rcc_hse_16mhz_3v3                                 ../libopencm3/lib\libopencm3_stm32f4.a(rcc.o)
rcc_hse_25mhz_3v3                                 ../libopencm3/lib\libopencm3_stm32f4.a(rcc.o)
rcc_hse_8mhz_3v3                                  ../libopencm3/lib\libopencm3_stm32f4.a(rcc.o)
rcc_hsi_configs                                   ../libopencm3/lib\libopencm3_stm32f4.a(rcc.o)
                                                  src/core/system.o
rcc_is_osc_ready                                  ../libopencm3/lib\libopencm3_stm32f4.a(rcc.o)
rcc_isr                                           ../libopencm3/lib\libopencm3_stm32f4.a(vector.o)
rcc_osc_bypass_disable                            ../libopencm3/lib\libopencm3_stm32f4.a(rcc_common_all.o)
rcc_osc_bypass_enable                             ../libopencm3/lib\libopencm3_stm32f4.a(rcc_common_all.o)
rcc_osc_off                                       ../libopencm3/lib\libopencm3_stm32f4.a(rcc.o)
rcc_osc_on                                        ../libopencm3/lib\libopencm3_stm32f4.a(rcc.o)
rcc_osc_ready_int_clear                           ../libopencm3/lib\libopencm3_stm32f4.a(rcc.o)
rcc_osc_ready_int_disable                         ../libopencm3/lib\libopencm3_stm32f4.a(rcc.o)
rcc_osc_ready_int_enable                          ../libopencm3/lib\libopencm3_stm32f4.a(rcc.o)
rcc_osc_ready_int_flag                            ../libopencm3/lib\libopencm3_stm32f4.a(rcc.o)
rcc_periph_clock_disable                          ../libopencm3/lib\libopencm3_stm32f4.a(rcc_common_all.o)
rcc_periph_clock_enable                           ../libopencm3/lib\libopencm3_stm32f4.a(rcc_common_all.o)
                                                  ../libopencm3/lib\libopencm3_stm32f4.a(rcc.o)
                                                  src/core/timer.o
                                                  src/firmware.o
rcc_periph_reset_hold                             ../libopencm3/lib\libopencm3_stm32f4.a(rcc_common_all.o)
rcc_periph_reset_pulse                            ../libopencm3/lib\libopencm3_stm32f4.a(rcc_common_all.o)
rcc_periph_reset_release                          ../libopencm3/lib\libopencm3_stm32f4.a(rcc_common_all.o)
rcc_peripheral_clear_reset                        ../libopencm3/lib\libopencm3_stm32f4.a(rcc_common_all.o)
rcc_peripheral_disable_clock                      ../libopencm3/lib\libopencm3_stm32f4.a(rcc_common_all.o)
rcc_peripheral_enable_clock                       ../libopencm3/lib\libopencm3_stm32f4.a(rcc_common_all.o)
rcc_peripheral_reset                              ../libopencm3/lib\libopencm3_stm32f4.a(rcc_common_all.o)
rcc_plli2s_config                                 ../libopencm3/lib\libopencm3_stm32f4.a(rcc.o)
rcc_pllsai_config                                 ../libopencm3/lib\libopencm3_stm32f4.a(rcc.o)
rcc_pllsai_postscalers                            ../libopencm3/lib\libopencm3_stm32f4.a(rcc.o)
rcc_set_hpre                                      ../libopencm3/lib\libopencm3_stm32f4.a(rcc.o)
rcc_set_main_pll_hse                              ../libopencm3/lib\libopencm3_stm32f4.a(rcc.o)
rcc_set_main_pll_hsi                              ../libopencm3/lib\libopencm3_stm32f4.a(rcc.o)
rcc_set_mco                                       ../libopencm3/lib\libopencm3_stm32f4.a(rcc_common_all.o)
rcc_set_pll_source                                ../libopencm3/lib\libopencm3_stm32f4.a(rcc.o)
rcc_set_ppre1                                     ../libopencm3/lib\libopencm3_stm32f4.a(rcc.o)
rcc_set_ppre2                                     ../libopencm3/lib\libopencm3_stm32f4.a(rcc.o)
rcc_set_rtcpre                                    ../libopencm3/lib\libopencm3_stm32f4.a(rcc.o)
rcc_set_sysclk_source                             ../libopencm3/lib\libopencm3_stm32f4.a(rcc.o)
rcc_system_clock_source                           ../libopencm3/lib\libopencm3_stm32f4.a(rcc.o)
rcc_wait_for_osc_ready                            ../libopencm3/lib\libopencm3_stm32f4.a(rcc.o)
rcc_wait_for_sysclk_status                        ../libopencm3/lib\libopencm3_stm32f4.a(rcc.o)
reset_handler                                     ../libopencm3/lib\libopencm3_stm32f4.a(vector.o)
rtc_alarm_isr                                     ../libopencm3/lib\libopencm3_stm32f4.a(vector.o)
rtc_wkup_isr                                      ../libopencm3/lib\libopencm3_stm32f4.a(vector.o)
sai1_isr                                          ../libopencm3/lib\libopencm3_stm32f4.a(vector.o)
sdio_isr                                          ../libopencm3/lib\libopencm3_stm32f4.a(vector.o)
spi1_isr                                          ../libopencm3/lib\libopencm3_stm32f4.a(vector.o)
spi2_isr                                          ../libopencm3/lib\libopencm3_stm32f4.a(vector.o)
spi3_isr                                          ../libopencm3/lib\libopencm3_stm32f4.a(vector.o)
spi4_isr                                          ../libopencm3/lib\libopencm3_stm32f4.a(vector.o)
spi5_isr                                          ../libopencm3/lib\libopencm3_stm32f4.a(vector.o)
spi6_isr                                          ../libopencm3/lib\libopencm3_stm32f4.a(vector.o)
sv_call_handler                                   ../libopencm3/lib\libopencm3_stm32f4.a(vector.o)
sys_tick_handler                                  src/core/system.o
system_get_ticks                                  src/core/system.o
                                                  src/firmware.o
system_setup                                      src/core/system.o
                                                  src/firmware.o
systick_clear                                     ../libopencm3/lib\libopencm3_stm32f4.a(systick.o)
systick_counter_disable                           ../libopencm3/lib\libopencm3_stm32f4.a(systick.o)
systick_counter_enable                            ../libopencm3/lib\libopencm3_stm32f4.a(systick.o)
                                                  src/core/system.o
systick_get_calib                                 ../libopencm3/lib\libopencm3_stm32f4.a(systick.o)
systick_get_countflag                             ../libopencm3/lib\libopencm3_stm32f4.a(systick.o)
systick_get_reload                                ../libopencm3/lib\libopencm3_stm32f4.a(systick.o)
systick_get_value                                 ../libopencm3/lib\libopencm3_stm32f4.a(systick.o)
systick_interrupt_disable                         ../libopencm3/lib\libopencm3_stm32f4.a(systick.o)
systick_interrupt_enable                          ../libopencm3/lib\libopencm3_stm32f4.a(systick.o)
                                                  src/core/system.o
systick_set_clocksource                           ../libopencm3/lib\libopencm3_stm32f4.a(systick.o)
systick_set_frequency                             ../libopencm3/lib\libopencm3_stm32f4.a(systick.o)
                                                  src/core/system.o
systick_set_reload                                ../libopencm3/lib\libopencm3_stm32f4.a(systick.o)
tamp_stamp_isr                                    ../libopencm3/lib\libopencm3_stm32f4.a(vector.o)
tim1_brk_tim9_isr                                 ../libopencm3/lib\libopencm3_stm32f4.a(vector.o)
tim1_cc_isr                                       ../libopencm3/lib\libopencm3_stm32f4.a(vector.o)
tim1_trg_com_tim11_isr                            ../libopencm3/lib\libopencm3_stm32f4.a(vector.o)
tim1_up_tim10_isr                                 ../libopencm3/lib\libopencm3_stm32f4.a(vector.o)
tim2_isr                                          ../libopencm3/lib\libopencm3_stm32f4.a(vector.o)
tim3_isr                                          ../libopencm3/lib\libopencm3_stm32f4.a(vector.o)
tim4_isr                                          ../libopencm3/lib\libopencm3_stm32f4.a(vector.o)
tim5_isr                                          ../libopencm3/lib\libopencm3_stm32f4.a(vector.o)
tim6_dac_isr                                      ../libopencm3/lib\libopencm3_stm32f4.a(vector.o)
tim7_isr                                          ../libopencm3/lib\libopencm3_stm32f4.a(vector.o)
tim8_brk_tim12_isr                                ../libopencm3/lib\libopencm3_stm32f4.a(vector.o)
tim8_cc_isr                                       ../libopencm3/lib\libopencm3_stm32f4.a(vector.o)
tim8_trg_com_tim14_isr                            ../libopencm3/lib\libopencm3_stm32f4.a(vector.o)
tim8_up_tim13_isr                                 ../libopencm3/lib\libopencm3_stm32f4.a(vector.o)
timer_clear_flag                                  ../libopencm3/lib\libopencm3_stm32f4.a(timer_common_all.o)
timer_continuous_mode                             ../libopencm3/lib\libopencm3_stm32f4.a(timer_common_all.o)
timer_direction_down                              ../libopencm3/lib\libopencm3_stm32f4.a(timer_common_all.o)
timer_direction_up                                ../libopencm3/lib\libopencm3_stm32f4.a(timer_common_all.o)
timer_disable_break                               ../libopencm3/lib\libopencm3_stm32f4.a(timer_common_all.o)
timer_disable_break_automatic_output              ../libopencm3/lib\libopencm3_stm32f4.a(timer_common_all.o)
timer_disable_break_main_output                   ../libopencm3/lib\libopencm3_stm32f4.a(timer_common_all.o)
timer_disable_compare_control_update_on_trigger   ../libopencm3/lib\libopencm3_stm32f4.a(timer_common_all.o)
timer_disable_counter                             ../libopencm3/lib\libopencm3_stm32f4.a(timer_common_all.o)
timer_disable_irq                                 ../libopencm3/lib\libopencm3_stm32f4.a(timer_common_all.o)
timer_disable_oc_clear                            ../libopencm3/lib\libopencm3_stm32f4.a(timer_common_all.o)
timer_disable_oc_output                           ../libopencm3/lib\libopencm3_stm32f4.a(timer_common_all.o)
timer_disable_oc_preload                          ../libopencm3/lib\libopencm3_stm32f4.a(timer_common_all.o)
timer_disable_preload                             ../libopencm3/lib\libopencm3_stm32f4.a(timer_common_all.o)
timer_disable_preload_complementry_enable_bits    ../libopencm3/lib\libopencm3_stm32f4.a(timer_common_all.o)
timer_disable_update_event                        ../libopencm3/lib\libopencm3_stm32f4.a(timer_common_all.o)
timer_enable_break                                ../libopencm3/lib\libopencm3_stm32f4.a(timer_common_all.o)
timer_enable_break_automatic_output               ../libopencm3/lib\libopencm3_stm32f4.a(timer_common_all.o)
timer_enable_break_main_output                    ../libopencm3/lib\libopencm3_stm32f4.a(timer_common_all.o)
timer_enable_compare_control_update_on_trigger    ../libopencm3/lib\libopencm3_stm32f4.a(timer_common_all.o)
timer_enable_counter                              ../libopencm3/lib\libopencm3_stm32f4.a(timer_common_all.o)
                                                  src/core/timer.o
timer_enable_irq                                  ../libopencm3/lib\libopencm3_stm32f4.a(timer_common_all.o)
timer_enable_oc_clear                             ../libopencm3/lib\libopencm3_stm32f4.a(timer_common_all.o)
timer_enable_oc_output                            ../libopencm3/lib\libopencm3_stm32f4.a(timer_common_all.o)
                                                  src/core/timer.o
timer_enable_oc_preload                           ../libopencm3/lib\libopencm3_stm32f4.a(timer_common_all.o)
timer_enable_preload                              ../libopencm3/lib\libopencm3_stm32f4.a(timer_common_all.o)
timer_enable_preload_complementry_enable_bits     ../libopencm3/lib\libopencm3_stm32f4.a(timer_common_all.o)
timer_enable_update_event                         ../libopencm3/lib\libopencm3_stm32f4.a(timer_common_all.o)
timer_generate_event                              ../libopencm3/lib\libopencm3_stm32f4.a(timer_common_all.o)
timer_get_counter                                 ../libopencm3/lib\libopencm3_stm32f4.a(timer_common_all.o)
timer_get_flag                                    ../libopencm3/lib\libopencm3_stm32f4.a(timer_common_all.o)
timer_ic_disable                                  ../libopencm3/lib\libopencm3_stm32f4.a(timer_common_all.o)
timer_ic_enable                                   ../libopencm3/lib\libopencm3_stm32f4.a(timer_common_all.o)
timer_ic_set_filter                               ../libopencm3/lib\libopencm3_stm32f4.a(timer_common_all.o)
timer_ic_set_input                                ../libopencm3/lib\libopencm3_stm32f4.a(timer_common_all.o)
timer_ic_set_prescaler                            ../libopencm3/lib\libopencm3_stm32f4.a(timer_common_all.o)
timer_interrupt_source                            ../libopencm3/lib\libopencm3_stm32f4.a(timer_common_all.o)
timer_one_shot_mode                               ../libopencm3/lib\libopencm3_stm32f4.a(timer_common_all.o)
timer_pwm_set_duty_cycle                          src/core/timer.o
                                                  src/firmware.o
timer_reset_output_idle_state                     ../libopencm3/lib\libopencm3_stm32f4.a(timer_common_all.o)
timer_set_alignment                               ../libopencm3/lib\libopencm3_stm32f4.a(timer_common_all.o)
timer_set_break_lock                              ../libopencm3/lib\libopencm3_stm32f4.a(timer_common_all.o)
timer_set_break_polarity_high                     ../libopencm3/lib\libopencm3_stm32f4.a(timer_common_all.o)
timer_set_break_polarity_low                      ../libopencm3/lib\libopencm3_stm32f4.a(timer_common_all.o)
timer_set_clock_division                          ../libopencm3/lib\libopencm3_stm32f4.a(timer_common_all.o)
timer_set_counter                                 ../libopencm3/lib\libopencm3_stm32f4.a(timer_common_all.o)
timer_set_deadtime                                ../libopencm3/lib\libopencm3_stm32f4.a(timer_common_all.o)
timer_set_disabled_off_state_in_idle_mode         ../libopencm3/lib\libopencm3_stm32f4.a(timer_common_all.o)
timer_set_disabled_off_state_in_run_mode          ../libopencm3/lib\libopencm3_stm32f4.a(timer_common_all.o)
timer_set_dma_on_compare_event                    ../libopencm3/lib\libopencm3_stm32f4.a(timer_common_all.o)
timer_set_dma_on_update_event                     ../libopencm3/lib\libopencm3_stm32f4.a(timer_common_all.o)
timer_set_enabled_off_state_in_idle_mode          ../libopencm3/lib\libopencm3_stm32f4.a(timer_common_all.o)
timer_set_enabled_off_state_in_run_mode           ../libopencm3/lib\libopencm3_stm32f4.a(timer_common_all.o)
timer_set_master_mode                             ../libopencm3/lib\libopencm3_stm32f4.a(timer_common_all.o)
timer_set_mode                                    ../libopencm3/lib\libopencm3_stm32f4.a(timer_common_all.o)
                                                  src/core/timer.o
timer_set_oc_fast_mode                            ../libopencm3/lib\libopencm3_stm32f4.a(timer_common_all.o)
timer_set_oc_idle_state_set                       ../libopencm3/lib\libopencm3_stm32f4.a(timer_common_all.o)
timer_set_oc_idle_state_unset                     ../libopencm3/lib\libopencm3_stm32f4.a(timer_common_all.o)
timer_set_oc_mode                                 ../libopencm3/lib\libopencm3_stm32f4.a(timer_common_all.o)
                                                  src/core/timer.o
timer_set_oc_polarity_high                        ../libopencm3/lib\libopencm3_stm32f4.a(timer_common_all.o)
timer_set_oc_polarity_low                         ../libopencm3/lib\libopencm3_stm32f4.a(timer_common_all.o)
timer_set_oc_slow_mode                            ../libopencm3/lib\libopencm3_stm32f4.a(timer_common_all.o)
timer_set_oc_value                                ../libopencm3/lib\libopencm3_stm32f4.a(timer_common_all.o)
                                                  src/core/timer.o
timer_set_output_idle_state                       ../libopencm3/lib\libopencm3_stm32f4.a(timer_common_all.o)
timer_set_period                                  ../libopencm3/lib\libopencm3_stm32f4.a(timer_common_all.o)
                                                  src/core/timer.o
timer_set_prescaler                               ../libopencm3/lib\libopencm3_stm32f4.a(timer_common_all.o)
                                                  src/core/timer.o
timer_set_repetition_counter                      ../libopencm3/lib\libopencm3_stm32f4.a(timer_common_all.o)
timer_set_ti1_ch1                                 ../libopencm3/lib\libopencm3_stm32f4.a(timer_common_all.o)
timer_set_ti1_ch123_xor                           ../libopencm3/lib\libopencm3_stm32f4.a(timer_common_all.o)
timer_setup                                       src/core/timer.o
                                                  src/firmware.o
timer_slave_set_extclockmode2                     ../libopencm3/lib\libopencm3_stm32f4.a(timer_common_all.o)
timer_slave_set_filter                            ../libopencm3/lib\libopencm3_stm32f4.a(timer_common_all.o)
timer_slave_set_mode                              ../libopencm3/lib\libopencm3_stm32f4.a(timer_common_all.o)
timer_slave_set_polarity                          ../libopencm3/lib\libopencm3_stm32f4.a(timer_common_all.o)
timer_slave_set_prescaler                         ../libopencm3/lib\libopencm3_stm32f4.a(timer_common_all.o)
timer_slave_set_trigger                           ../libopencm3/lib\libopencm3_stm32f4.a(timer_common_all.o)
timer_update_on_any                               ../libopencm3/lib\libopencm3_stm32f4.a(timer_common_all.o)
timer_update_on_overflow                          ../libopencm3/lib\libopencm3_stm32f4.a(timer_common_all.o)
uart4_isr                                         ../libopencm3/lib\libopencm3_stm32f4.a(vector.o)
uart5_isr                                         ../libopencm3/lib\libopencm3_stm32f4.a(vector.o)
uart7_isr                                         ../libopencm3/lib\libopencm3_stm32f4.a(vector.o)
uart8_isr                                         ../libopencm3/lib\libopencm3_stm32f4.a(vector.o)
usage_fault_handler                               ../libopencm3/lib\libopencm3_stm32f4.a(vector.o)
usart1_isr                                        ../libopencm3/lib\libopencm3_stm32f4.a(vector.o)
usart2_isr                                        ../libopencm3/lib\libopencm3_stm32f4.a(vector.o)
usart3_isr                                        ../libopencm3/lib\libopencm3_stm32f4.a(vector.o)
usart6_isr                                        ../libopencm3/lib\libopencm3_stm32f4.a(vector.o)
usb_fs_wkup_isr                                   ../libopencm3/lib\libopencm3_stm32f4.a(vector.o)
vector_table                                      ../libopencm3/lib\libopencm3_stm32f4.a(vector.o)
