Archive member included to satisfy reference by file (symbol)

../libopencm3/lib\libopencm3_stm32f4.a(gpio_common_f0234.o)
                              src/firmware.o (gpio_mode_setup)
../libopencm3/lib\libopencm3_stm32f4.a(rcc_common_all.o)
                              src/firmware.o (rcc_periph_clock_enable)
../libopencm3/lib\libopencm3_stm32f4.a(rcc.o)
                              src/core/system.o (rcc_clock_setup_pll)
../libopencm3/lib\libopencm3_stm32f4.a(timer_common_all.o)
                              src/core/timer.o (timer_set_mode)
../libopencm3/lib\libopencm3_stm32f4.a(vector.o)
                              (reset_handler)
../libopencm3/lib\libopencm3_stm32f4.a(systick.o)
                              src/core/system.o (systick_set_frequency)
../libopencm3/lib\libopencm3_stm32f4.a(flash_common_all.o)
                              ../libopencm3/lib\libopencm3_stm32f4.a(rcc.o) (flash_set_ws)
../libopencm3/lib\libopencm3_stm32f4.a(flash_common_idcache.o)
                              ../libopencm3/lib\libopencm3_stm32f4.a(rcc.o) (flash_dcache_enable)
../libopencm3/lib\libopencm3_stm32f4.a(pwr.o)
                              ../libopencm3/lib\libopencm3_stm32f4.a(rcc.o) (pwr_set_vos_scale)

Discarded input sections

 .group         0x00000000        0xc src/firmware.o
 .group         0x00000000        0xc src/firmware.o
 .group         0x00000000        0xc src/firmware.o
 .group         0x00000000        0xc src/firmware.o
 .group         0x00000000        0xc src/firmware.o
 .group         0x00000000        0xc src/firmware.o
 .group         0x00000000        0xc src/firmware.o
 .group         0x00000000        0xc src/firmware.o
 .group         0x00000000        0xc src/firmware.o
 .group         0x00000000        0xc src/firmware.o
 .group         0x00000000        0xc src/firmware.o
 .group         0x00000000        0xc src/firmware.o
 .group         0x00000000        0xc src/firmware.o
 .group         0x00000000        0xc src/firmware.o
 .group         0x00000000        0xc src/firmware.o
 .group         0x00000000        0xc src/firmware.o
 .group         0x00000000        0xc src/firmware.o
 .group         0x00000000        0xc src/firmware.o
 .group         0x00000000        0xc src/firmware.o
 .text          0x00000000        0x0 src/firmware.o
 .data          0x00000000        0x0 src/firmware.o
 .bss           0x00000000        0x0 src/firmware.o
 .group         0x00000000        0xc src/core/system.o
 .group         0x00000000        0xc src/core/system.o
 .group         0x00000000        0xc src/core/system.o
 .group         0x00000000        0xc src/core/system.o
 .group         0x00000000        0xc src/core/system.o
 .group         0x00000000        0xc src/core/system.o
 .group         0x00000000        0xc src/core/system.o
 .group         0x00000000        0xc src/core/system.o
 .group         0x00000000        0xc src/core/system.o
 .group         0x00000000        0xc src/core/system.o
 .group         0x00000000        0xc src/core/system.o
 .group         0x00000000        0xc src/core/system.o
 .group         0x00000000        0xc src/core/system.o
 .group         0x00000000        0xc src/core/system.o
 .group         0x00000000        0xc src/core/system.o
 .group         0x00000000        0xc src/core/system.o
 .group         0x00000000        0xc src/core/system.o
 .group         0x00000000        0xc src/core/system.o
 .text          0x00000000        0x0 src/core/system.o
 .data          0x00000000        0x0 src/core/system.o
 .bss           0x00000000        0x0 src/core/system.o
 .debug_macro   0x00000000      0xacc src/core/system.o
 .debug_macro   0x00000000       0x22 src/core/system.o
 .debug_macro   0x00000000       0x56 src/core/system.o
 .debug_macro   0x00000000       0x51 src/core/system.o
 .debug_macro   0x00000000      0x103 src/core/system.o
 .debug_macro   0x00000000       0x6a src/core/system.o
 .debug_macro   0x00000000      0x1df src/core/system.o
 .debug_macro   0x00000000       0x22 src/core/system.o
 .debug_macro   0x00000000       0x10 src/core/system.o
 .debug_macro   0x00000000       0x76 src/core/system.o
 .debug_macro   0x00000000       0x8e src/core/system.o
 .debug_macro   0x00000000       0x46 src/core/system.o
 .debug_macro   0x00000000      0xcea src/core/system.o
 .group         0x00000000        0xc src/core/timer.o
 .group         0x00000000        0xc src/core/timer.o
 .group         0x00000000        0xc src/core/timer.o
 .group         0x00000000        0xc src/core/timer.o
 .group         0x00000000        0xc src/core/timer.o
 .group         0x00000000        0xc src/core/timer.o
 .group         0x00000000        0xc src/core/timer.o
 .group         0x00000000        0xc src/core/timer.o
 .group         0x00000000        0xc src/core/timer.o
 .group         0x00000000        0xc src/core/timer.o
 .group         0x00000000        0xc src/core/timer.o
 .group         0x00000000        0xc src/core/timer.o
[...]
Memory Configuration

Name             Origin             Length             Attributes
rom              0x08000000         0x00080000         xr
ram              0x20000000         0x00018000         xrw
*default*        0x00000000         0xffffffff

Linker script and memory map

LOAD src/firmware.o
LOAD src/core/system.o
LOAD src/core/timer.o
LOAD ../libopencm3/lib\libopencm3_stm32f4.a
START GROUP
LOAD C:/Program Files (x86)/Arm GNU Toolchain arm-none-eabi/13.2 Rel1/bin/../lib/gcc/arm-none-eabi/13.2.1/thumb/v7e-m+fp/hard\libc.a
LOAD C:/Program Files (x86)/Arm GNU Toolchain arm-none-eabi/13.2 Rel1/bin/../lib/gcc/arm-none-eabi/13.2.1/thumb/v7e-m+fp/hard\libgcc.a
LOAD C:/Program Files (x86)/Arm GNU Toolchain arm-none-eabi/13.2 Rel1/bin/../lib/gcc/arm-none-eabi/13.2.1/thumb/v7e-m+fp/hard\libnosys.a
END GROUP
START GROUP
LOAD C:/Program Files (x86)/Arm GNU Toolchain arm-none-eabi/13.2 Rel1/bin/../lib/gcc/arm-none-eabi/13.2.1/thumb/v7e-m+fp/hard\libgcc.a
LOAD C:/Program Files (x86)/Arm GNU Toolchain arm-none-eabi/13.2 Rel1/bin/../lib/gcc/arm-none-eabi/13.2.1/thumb/v7e-m+fp/hard\libg.a
LOAD C:/Program Files (x86)/Arm GNU Toolchain arm-none-eabi/13.2 Rel1/bin/../lib/gcc/arm-none-eabi/13.2.1/thumb/v7e-m+fp/hard\libc.a
END GROUP

.text           0x08000000      0xaf4
 *(.bootloader_section)
 *(.vectors)
 .vectors       0x08000000      0x1ac ../libopencm3/lib\libopencm3_stm32f4.a(vector.o)
                0x08000000                vector_table
                0x080001b0                        . = ALIGN (0x10)
 *fill*         0x080001ac        0x4 
 *(.firmware_info)
 *(.firmware_signature)
 *(.text*)
 .text.startup.main
                0x080001b0       0x90 src/firmware.o
                0x080001b0                main
 .text.sys_tick_handler
                0x08000240       0x18 src/core/system.o
                0x08000240                sys_tick_handler
 .text.system_get_ticks
                0x08000258        0xc src/core/system.o
                0x08000258                system_get_ticks
 .text.system_setup
                0x08000264       0x28 src/core/system.o
                0x08000264                system_setup
 .text.timer_setup
                0x0800028c       0x50 src/core/timer.o
                0x0800028c                timer_setup
 .text.timer_pwm_set_duty_cycle
                0x080002dc       0x2c src/core/timer.o
                0x080002dc                timer_pwm_set_duty_cycle
 .text.gpio_mode_setup
                0x08000308       0x40 ../libopencm3/lib\libopencm3_stm32f4.a(gpio_common_f0234.o)
                0x08000308                gpio_mode_setup
 .text.gpio_set_af
                0x08000348       0x58 ../libopencm3/lib\libopencm3_stm32f4.a(gpio_common_f0234.o)
                0x08000348                gpio_set_af
 .text.rcc_periph_clock_enable
                0x080003a0       0x1a ../libopencm3/lib\libopencm3_stm32f4.a(rcc_common_all.o)
                0x080003a0                rcc_periph_clock_enable
 *fill*         0x080003ba        0x2 
 .text.rcc_is_osc_ready
                0x080003bc       0x64 ../libopencm3/lib\libopencm3_stm32f4.a(rcc.o)
                0x080003bc                rcc_is_osc_ready
 .text.rcc_wait_for_osc_ready
                0x08000420       0x10 ../libopencm3/lib\libopencm3_stm32f4.a(rcc.o)
                0x08000420                rcc_wait_for_osc_ready
 .text.rcc_osc_on
                0x08000430       0x74 ../libopencm3/lib\libopencm3_stm32f4.a(rcc.o)
                0x08000430                rcc_osc_on
 .text.rcc_osc_off
                0x080004a4       0x74 ../libopencm3/lib\libopencm3_stm32f4.a(rcc.o)
                0x080004a4                rcc_osc_off
 .text.rcc_set_sysclk_source
                0x08000518       0x18 ../libopencm3/lib\libopencm3_stm32f4.a(rcc.o)
                0x08000518                rcc_set_sysclk_source
 .text.rcc_set_ppre2
                0x08000530       0x18 ../libopencm3/lib\libopencm3_stm32f4.a(rcc.o)
                0x08000530                rcc_set_ppre2
 .text.rcc_set_ppre1
                0x08000548       0x18 ../libopencm3/lib\libopencm3_stm32f4.a(rcc.o)
                0x08000548                rcc_set_ppre1
 .text.rcc_set_hpre
                0x08000560       0x18 ../libopencm3/lib\libopencm3_stm32f4.a(rcc.o)
                0x08000560                rcc_set_hpre
 .text.rcc_set_main_pll_hsi
                0x08000578       0x44 ../libopencm3/lib\libopencm3_stm32f4.a(rcc.o)
                0x08000578                rcc_set_main_pll_hsi
 .text.rcc_set_main_pll_hse
                0x080005bc       0x44 ../libopencm3/lib\libopencm3_stm32f4.a(rcc.o)
                0x080005bc                rcc_set_main_pll_hse
 .text.rcc_clock_setup_pll
                0x08000600       0xe4 ../libopencm3/lib\libopencm3_stm32f4.a(rcc.o)
                0x08000600                rcc_clock_setup_pll
 .text.timer_set_mode
                0x080006e4       0x12 ../libopencm3/lib\libopencm3_stm32f4.a(timer_common_all.o)
                0x080006e4                timer_set_mode
 .text.timer_enable_counter
                0x080006f6        0xa ../libopencm3/lib\libopencm3_stm32f4.a(timer_common_all.o)
                0x080006f6                timer_enable_counter
 .text.timer_set_prescaler
                0x08000700        0x4 ../libopencm3/lib\libopencm3_stm32f4.a(timer_common_all.o)
                0x08000700                timer_set_prescaler
 .text.timer_set_period
                0x08000704        0x4 ../libopencm3/lib\libopencm3_stm32f4.a(timer_common_all.o)
                0x08000704                timer_set_period
 .text.timer_set_oc_mode
                0x08000708      0x18c ../libopencm3/lib\libopencm3_stm32f4.a(timer_common_all.o)
                0x08000708                timer_set_oc_mode
 .text.timer_enable_oc_output
                0x08000894       0x4a ../libopencm3/lib\libopencm3_stm32f4.a(timer_common_all.o)
                0x08000894                timer_enable_oc_output
 .text.timer_set_oc_value
                0x080008de       0x20 ../libopencm3/lib\libopencm3_stm32f4.a(timer_common_all.o)
                0x080008de                timer_set_oc_value
 .text.blocking_handler
                0x080008fe        0x2 ../libopencm3/lib\libopencm3_stm32f4.a(vector.o)
                0x080008fe                dma2_stream1_isr
                0x080008fe                tim8_brk_tim12_isr
                0x080008fe                dma1_stream7_isr
                0x080008fe                usart3_isr
                0x080008fe                tim7_isr
                0x080008fe                dma2d_isr
                0x080008fe                uart8_isr
                0x080008fe                dma1_stream2_isr
                0x080008fe                otg_hs_isr
                0x080008fe                blocking_handler
                0x080008fe                tim5_isr
                0x080008fe                rtc_wkup_isr
                0x080008fe                otg_fs_isr
                0x080008fe                spi1_isr
                0x080008fe                i2c3_er_isr
                0x080008fe                exti2_isr
                0x080008fe                spi5_isr
                0x080008fe                usb_fs_wkup_isr
                0x080008fe                tamp_stamp_isr
                0x080008fe                can1_rx1_isr
                0x080008fe                dma2_stream0_isr
                0x080008fe                usart1_isr
                0x080008fe                i2c3_ev_isr
                0x080008fe                usage_fault_handler
                0x080008fe                can2_rx0_isr
                0x080008fe                dma1_stream6_isr
                0x080008fe                can2_rx1_isr
                0x080008fe                can1_sce_isr
                0x080008fe                tim1_cc_isr
                0x080008fe                can1_tx_isr
                0x080008fe                tim1_up_tim10_isr
                0x080008fe                sdio_isr
                0x080008fe                eth_isr
                0x080008fe                spi6_isr
                0x080008fe                dma2_stream5_isr
                0x080008fe                pvd_isr
                0x080008fe                can1_rx0_isr
                0x080008fe                rcc_isr
                0x080008fe                dma2_stream3_isr
                0x080008fe                flash_isr
                0x080008fe                uart4_isr
                0x080008fe                lcd_tft_isr
                0x080008fe                rtc_alarm_isr
                0x080008fe                exti15_10_isr
                0x080008fe                hash_rng_isr
                0x080008fe                tim1_trg_com_tim11_isr
                0x080008fe                hard_fault_handler
                0x080008fe                exti1_isr
                0x080008fe                i2c1_ev_isr
                0x080008fe                usart6_isr
                0x080008fe                spi2_isr
                0x080008fe                cryp_isr
                0x080008fe                nvic_wwdg_isr
                0x080008fe                dma1_stream1_isr
                0x080008fe                dma2_stream4_isr
                0x080008fe                exti3_isr
                0x080008fe                tim3_isr
                0x080008fe                usart2_isr
                0x080008fe                sai1_isr
                0x080008fe                fpu_isr
                0x080008fe                dma1_stream4_isr
                0x080008fe                i2c2_er_isr
                0x080008fe                i2c2_ev_isr
                0x080008fe                uart5_isr
                0x080008fe                dma2_stream6_isr
                0x080008fe                spi4_isr
                0x080008fe                adc_isr
                0x080008fe                dma2_stream7_isr
                0x080008fe                tim8_up_tim13_isr
                0x080008fe                fsmc_isr
                0x080008fe                exti4_isr
                0x080008fe                tim6_dac_isr
                0x080008fe                dma1_stream3_isr
                0x080008fe                tim8_trg_com_tim14_isr
                0x080008fe                mem_manage_handler
                0x080008fe                lcd_tft_err_isr
                0x080008fe                can2_tx_isr
                0x080008fe                exti9_5_isr
                0x080008fe                tim1_brk_tim9_isr
                0x080008fe                uart7_isr
                0x080008fe                can2_sce_isr
                0x080008fe                tim4_isr
                0x080008fe                otg_hs_wkup_isr
                0x080008fe                i2c1_er_isr
                0x080008fe                dma1_stream0_isr
                0x080008fe                tim8_cc_isr
                0x080008fe                dcmi_isr
                0x080008fe                dma2_stream2_isr
                0x080008fe                eth_wkup_isr
                0x080008fe                bus_fault_handler
                0x080008fe                otg_hs_ep1_out_isr
                0x080008fe                spi3_isr
                0x080008fe                dma1_stream5_isr
                0x080008fe                otg_hs_ep1_in_isr
                0x080008fe                tim2_isr
                0x080008fe                exti0_isr
 .text.null_handler
                0x08000900        0x2 ../libopencm3/lib\libopencm3_stm32f4.a(vector.o)
                0x08000900                sv_call_handler
                0x08000900                pend_sv_handler
                0x08000900                debug_monitor_handler
                0x08000900                nmi_handler
                0x08000900                null_handler
 *fill*         0x08000902        0x2 
 .text.reset_handler
                0x08000904       0xa0 ../libopencm3/lib\libopencm3_stm32f4.a(vector.o)
                0x08000904                reset_handler
 .text.systick_set_clocksource
                0x080009a4       0x14 ../libopencm3/lib\libopencm3_stm32f4.a(systick.o)
                0x080009a4                systick_set_clocksource
 .text.systick_set_frequency
                0x080009b8       0x38 ../libopencm3/lib\libopencm3_stm32f4.a(systick.o)
                0x080009b8                systick_set_frequency
 .text.systick_interrupt_enable
                0x080009f0        0xe ../libopencm3/lib\libopencm3_stm32f4.a(systick.o)
                0x080009f0                systick_interrupt_enable
 .text.systick_counter_enable
                0x080009fe        0xe ../libopencm3/lib\libopencm3_stm32f4.a(systick.o)
                0x080009fe                systick_counter_enable
 .text.flash_set_ws
                0x08000a0c       0x18 ../libopencm3/lib\libopencm3_stm32f4.a(flash_common_all.o)
                0x08000a0c                flash_set_ws
 .text.flash_dcache_enable
                0x08000a24       0x14 ../libopencm3/lib\libopencm3_stm32f4.a(flash_common_idcache.o)
                0x08000a24                flash_dcache_enable
 .text.flash_dcache_disable
                0x08000a38       0x14 ../libopencm3/lib\libopencm3_stm32f4.a(flash_common_idcache.o)
                0x08000a38                flash_dcache_disable
 .text.flash_icache_enable
                0x08000a4c       0x14 ../libopencm3/lib\libopencm3_stm32f4.a(flash_common_idcache.o)
                0x08000a4c                flash_icache_enable
 .text.flash_icache_disable
                0x08000a60       0x14 ../libopencm3/lib\libopencm3_stm32f4.a(flash_common_idcache.o)
                0x08000a60                flash_icache_disable
 .text.pwr_set_vos_scale
                0x08000a74       0x10 ../libopencm3/lib\libopencm3_stm32f4.a(pwr.o)
                0x08000a74                pwr_set_vos_scale
                0x08000a84                        . = ALIGN (0x4)
 *(.rodata*)
 .rodata.rcc_hsi_configs
                0x08000a84       0x70 ../libopencm3/lib\libopencm3_stm32f4.a(rcc.o)
                0x08000a84                rcc_hsi_configs
                0x08000af4                        . = ALIGN (0x4)

.glue_7         0x08000af4        0x0
 .glue_7        0x08000af4        0x0 linker stubs

.glue_7t        0x08000af4        0x0
 .glue_7t       0x08000af4        0x0 linker stubs

.vfp11_veneer   0x08000af4        0x0
 .vfp11_veneer  0x08000af4        0x0 linker stubs

.v4_bx          0x08000af4        0x0
 .v4_bx         0x08000af4        0x0 linker stubs

.iplt           0x08000af4        0x0
 .iplt          0x08000af4        0x0 src/firmware.o

.rel.dyn        0x08000af4        0x0
 .rel.iplt      0x08000af4        0x0 src/firmware.o

.preinit_array  0x08000af4        0x0
                0x08000af4                        . = ALIGN (0x4)
                0x08000af4                        __preinit_array_start = .
 *(.preinit_array)
                0x08000af4                        __preinit_array_end = .

.init_array     0x08000af4        0x0
                0x08000af4                        . = ALIGN (0x4)
                0x08000af4                        __init_array_start = .
 *(SORT_BY_NAME(.init_array.*))
 *(.init_array)
                0x08000af4                        __init_array_end = .

.fini_array     0x08000af4        0x0
                0x08000af4                        . = ALIGN (0x4)
                0x08000af4                        __fini_array_start = .
 *(.fini_array)
 *(SORT_BY_NAME(.fini_array.*))
                0x08000af4                        __fini_array_end = .

.ARM.extab
 *(.ARM.extab*)

.ARM.exidx      0x08000af4        0x0
                0x08000af4                        __exidx_start = .
 *(.ARM.exidx*)
                0x08000af4                        __exidx_end = .
                0x08000af4                        . = ALIGN (0x4)
                0x08000af4                        _etext = .

.noinit
 *(.noinit*)
                0x08000af4                        . = ALIGN (0x4)

.data           0x20000000        0xc load address 0x08000af4
                0x20000000                        _data = .
 *(.data*)
 .data.rcc_apb2_frequency
                0x20000000        0x4 ../libopencm3/lib\libopencm3_stm32f4.a(rcc.o)
                0x20000000                rcc_apb2_frequency
 .data.rcc_apb1_frequency
                0x20000004        0x4 ../libopencm3/lib\libopencm3_stm32f4.a(rcc.o)
                0x20000004                rcc_apb1_frequency
 .data.rcc_ahb_frequency
                0x20000008        0x4 ../libopencm3/lib\libopencm3_stm32f4.a(rcc.o)
                0x20000008                rcc_ahb_frequency
 *(.ramtext*)
                0x2000000c                        . = ALIGN (0x4)
                0x2000000c                        _edata = .
                0x08000af4                        _data_loadaddr = LOADADDR (.data)

.igot.plt       0x2000000c        0x0 load address 0x08000b00
 .igot.plt      0x2000000c        0x0 src/firmware.o

.bss            0x20000010        0x8 load address 0x08000b00
 *(.bss*)
 .bss.ticks     0x20000010        0x8 src/core/system.o
 *(COMMON)
                0x20000018                        . = ALIGN (0x4)
                0x20000018                        _ebss = .

/DISCARD/
 *(.eh_frame)
                0x20000018                        . = ALIGN (0x4)
                0x20000018                        end = .
                0x20018000                        PROVIDE (_stack = (ORIGIN (ram) + LENGTH (ram)))
OUTPUT(firmware.elf elf32-littlearm)
LOAD linker stubs

.debug_info     0x00000000     0x4436
 .debug_info    0x00000000      0x6ac src/firmware.o
 .debug_info    0x000006ac      0x31e src/core/system.o
 .debug_info    0x000009ca      0x755 src/core/timer.o
 .debug_info    0x0000111f      0x21b ../libopencm3/lib\libopencm3_stm32f4.a(gpio_common_f0234.o)
 .debug_info    0x0000133a      0x932 ../libopencm3/lib\libopencm3_stm32f4.a(rcc_common_all.o)
 .debug_info    0x00001c6c      0xfa1 ../libopencm3/lib\libopencm3_stm32f4.a(rcc.o)
 .debug_info    0x00002c0d     0x1004 ../libopencm3/lib\libopencm3_stm32f4.a(timer_common_all.o)
 .debug_info    0x00003c11      0x2d9 ../libopencm3/lib\libopencm3_stm32f4.a(vector.o)
 .debug_info    0x00003eea      0x28f ../libopencm3/lib\libopencm3_stm32f4.a(systick.o)
 .debug_info    0x00004179       0xf1 ../libopencm3/lib\libopencm3_stm32f4.a(flash_common_all.o)
 .debug_info    0x0000426a       0xe9 ../libopencm3/lib\libopencm3_stm32f4.a(flash_common_idcache.o)
 .debug_info    0x00004353       0xe3 ../libopencm3/lib\libopencm3_stm32f4.a(pwr.o)

.debug_abbrev   0x00000000      0xf28
 .debug_abbrev  0x00000000      0x135 src/firmware.o
 .debug_abbrev  0x00000135      0x1dc src/core/system.o
 .debug_abbrev  0x00000311      0x11a src/core/timer.o
 .debug_abbrev  0x0000042b       0xc2 ../libopencm3/lib\libopencm3_stm32f4.a(gpio_common_f0234.o)
 .debug_abbrev  0x000004ed      0x185 ../libopencm3/lib\libopencm3_stm32f4.a(rcc_common_all.o)
 .debug_abbrev  0x00000672      0x2da ../libopencm3/lib\libopencm3_stm32f4.a(rcc.o)
 .debug_abbrev  0x0000094c      0x1ac ../libopencm3/lib\libopencm3_stm32f4.a(timer_common_all.o)
 .debug_abbrev  0x00000af8      0x15f ../libopencm3/lib\libopencm3_stm32f4.a(vector.o)
 .debug_abbrev  0x00000c57      0x14e ../libopencm3/lib\libopencm3_stm32f4.a(systick.o)
 .debug_abbrev  0x00000da5       0x96 ../libopencm3/lib\libopencm3_stm32f4.a(flash_common_all.o)
 .debug_abbrev  0x00000e3b       0x56 ../libopencm3/lib\libopencm3_stm32f4.a(flash_common_idcache.o)
 .debug_abbrev  0x00000e91       0x97 ../libopencm3/lib\libopencm3_stm32f4.a(pwr.o)

.debug_loclists
                0x00000000      0xbde
 .debug_loclists
                0x00000000       0x50 src/firmware.o
 .debug_loclists
                0x00000050       0x84 src/core/timer.o
 .debug_loclists
                0x000000d4       0xf9 ../libopencm3/lib\libopencm3_stm32f4.a(gpio_common_f0234.o)
 .debug_loclists
                0x000001cd       0x87 ../libopencm3/lib\libopencm3_stm32f4.a(rcc_common_all.o)
 .debug_loclists
                0x00000254      0x52f ../libopencm3/lib\libopencm3_stm32f4.a(rcc.o)
 .debug_loclists
                0x00000783      0x1d5 ../libopencm3/lib\libopencm3_stm32f4.a(timer_common_all.o)
 .debug_loclists
                0x00000958       0xb6 ../libopencm3/lib\libopencm3_stm32f4.a(vector.o)
 .debug_loclists
                0x00000a0e      0x192 ../libopencm3/lib\libopencm3_stm32f4.a(systick.o)
 .debug_loclists
                0x00000ba0       0x17 ../libopencm3/lib\libopencm3_stm32f4.a(flash_common_all.o)
 .debug_loclists
                0x00000bb7       0x27 ../libopencm3/lib\libopencm3_stm32f4.a(pwr.o)

.debug_aranges  0x00000000      0x5f8
 .debug_aranges
                0x00000000       0x20 src/firmware.o
 .debug_aranges
                0x00000020       0x30 src/core/system.o
 .debug_aranges
                0x00000050       0x28 src/core/timer.o
 .debug_aranges
                0x00000078       0x30 ../libopencm3/lib\libopencm3_stm32f4.a(gpio_common_f0234.o)
 .debug_aranges
                0x000000a8       0x80 ../libopencm3/lib\libopencm3_stm32f4.a(rcc_common_all.o)
 .debug_aranges
                0x00000128      0x110 ../libopencm3/lib\libopencm3_stm32f4.a(rcc.o)
 .debug_aranges
                0x00000238      0x278 ../libopencm3/lib\libopencm3_stm32f4.a(timer_common_all.o)
 .debug_aranges
                0x000004b0       0x30 ../libopencm3/lib\libopencm3_stm32f4.a(vector.o)
 .debug_aranges
                0x000004e0       0x78 ../libopencm3/lib\libopencm3_stm32f4.a(systick.o)
 .debug_aranges
                0x00000558       0x38 ../libopencm3/lib\libopencm3_stm32f4.a(flash_common_all.o)
 .debug_aranges
                0x00000590       0x48 ../libopencm3/lib\libopencm3_stm32f4.a(flash_common_idcache.o)
 .debug_aranges
                0x000005d8       0x20 ../libopencm3/lib\libopencm3_stm32f4.a(pwr.o)

.debug_rnglists
                0x00000000      0x48a
 .debug_rnglists
                0x00000000       0x20 src/firmware.o
 .debug_rnglists
                0x00000020       0x37 src/core/system.o
 .debug_rnglists
                0x00000057       0x19 src/core/timer.o
 .debug_rnglists
                0x00000070       0x1f ../libopencm3/lib\libopencm3_stm32f4.a(gpio_common_f0234.o)
 .debug_rnglists
                0x0000008f       0x5b ../libopencm3/lib\libopencm3_stm32f4.a(rcc_common_all.o)
 .debug_rnglists
                0x000000ea       0xe0 ../libopencm3/lib\libopencm3_stm32f4.a(rcc.o)
 .debug_rnglists
                0x000001ca      0x1d6 ../libopencm3/lib\libopencm3_stm32f4.a(timer_common_all.o)
 .debug_rnglists
                0x000003a0       0x20 ../libopencm3/lib\libopencm3_stm32f4.a(vector.o)
 .debug_rnglists
                0x000003c0       0x61 ../libopencm3/lib\libopencm3_stm32f4.a(systick.o)
 .debug_rnglists
                0x00000421       0x25 ../libopencm3/lib\libopencm3_stm32f4.a(flash_common_all.o)
 .debug_rnglists
                0x00000446       0x31 ../libopencm3/lib\libopencm3_stm32f4.a(flash_common_idcache.o)
 .debug_rnglists
                0x00000477       0x13 ../libopencm3/lib\libopencm3_stm32f4.a(pwr.o)

.debug_macro    0x00000000     0x4cb6
 .debug_macro   0x00000000      0x13a src/firmware.o
 .debug_macro   0x0000013a      0xacc src/firmware.o
 .debug_macro   0x00000c06       0x1c src/firmware.o
 .debug_macro   0x00000c22       0x22 src/firmware.o
 .debug_macro   0x00000c44       0x56 src/firmware.o
 .debug_macro   0x00000c9a       0x51 src/firmware.o
 .debug_macro   0x00000ceb      0x103 src/firmware.o
 .debug_macro   0x00000dee       0x6a src/firmware.o
 .debug_macro   0x00000e58      0x1df src/firmware.o
 .debug_macro   0x00001037       0x22 src/firmware.o
 .debug_macro   0x00001059       0xe8 src/firmware.o
 .debug_macro   0x00001141       0x76 src/firmware.o
 .debug_macro   0x000011b7      0x280 src/firmware.o
 .debug_macro   0x00001437       0x8e src/firmware.o
 .debug_macro   0x000014c5       0x46 src/firmware.o
 .debug_macro   0x0000150b      0xcea src/firmware.o
 .debug_macro   0x000021f5       0x76 src/firmware.o
 .debug_macro   0x0000226b      0x37e src/firmware.o
 .debug_macro   0x000025e9       0xca src/firmware.o
 .debug_macro   0x000026b3       0x10 src/firmware.o
 .debug_macro   0x000026c3      0x11e src/core/system.o
 .debug_macro   0x000027e1      0x100 src/core/system.o
 .debug_macro   0x000028e1       0x69 src/core/system.o
 .debug_macro   0x0000294a       0x6e src/core/system.o
 .debug_macro   0x000029b8      0x22c src/core/system.o
 .debug_macro   0x00002be4      0x286 src/core/system.o
 .debug_macro   0x00002e6a      0x106 src/core/timer.o
 .debug_macro   0x00002f70      0xf7d src/core/timer.o
 .debug_macro   0x00003eed       0x52 src/core/timer.o
 .debug_macro   0x00003f3f       0xd1 ../libopencm3/lib\libopencm3_stm32f4.a(gpio_common_f0234.o)
 .debug_macro   0x00004010       0xf0 ../libopencm3/lib\libopencm3_stm32f4.a(rcc_common_all.o)
 .debug_macro   0x00004100      0x124 ../libopencm3/lib\libopencm3_stm32f4.a(rcc.o)
 .debug_macro   0x00004224       0x16 ../libopencm3/lib\libopencm3_stm32f4.a(rcc.o)
 .debug_macro   0x0000423a       0x1c ../libopencm3/lib\libopencm3_stm32f4.a(rcc.o)
 .debug_macro   0x00004256      0x143 ../libopencm3/lib\libopencm3_stm32f4.a(rcc.o)
 .debug_macro   0x00004399       0x10 ../libopencm3/lib\libopencm3_stm32f4.a(rcc.o)
 .debug_macro   0x000043a9       0xf0 ../libopencm3/lib\libopencm3_stm32f4.a(timer_common_all.o)
 .debug_macro   0x00004499       0xd3 ../libopencm3/lib\libopencm3_stm32f4.a(vector.o)
 .debug_macro   0x0000456c      0x452 ../libopencm3/lib\libopencm3_stm32f4.a(vector.o)
 .debug_macro   0x000049be       0x92 ../libopencm3/lib\libopencm3_stm32f4.a(systick.o)
 .debug_macro   0x00004a50       0xd7 ../libopencm3/lib\libopencm3_stm32f4.a(flash_common_all.o)
 .debug_macro   0x00004b27       0xd7 ../libopencm3/lib\libopencm3_stm32f4.a(flash_common_idcache.o)
 .debug_macro   0x00004bfe       0xb8 ../libopencm3/lib\libopencm3_stm32f4.a(pwr.o)

.debug_line     0x00000000     0x46f4
 .debug_line    0x00000000      0x458 src/firmware.o
 .debug_line    0x00000458      0x447 src/core/system.o
 .debug_line    0x0000089f      0x3e9 src/core/timer.o
 .debug_line    0x00000c88      0x52b ../libopencm3/lib\libopencm3_stm32f4.a(gpio_common_f0234.o)
 .debug_line    0x000011b3      0x4ee ../libopencm3/lib\libopencm3_stm32f4.a(rcc_common_all.o)
 .debug_line    0x000016a1      0xb57 ../libopencm3/lib\libopencm3_stm32f4.a(rcc.o)
 .debug_line    0x000021f8     0x113a ../libopencm3/lib\libopencm3_stm32f4.a(timer_common_all.o)
 .debug_line    0x00003332      0x484 ../libopencm3/lib\libopencm3_stm32f4.a(vector.o)
 .debug_line    0x000037b6      0x418 ../libopencm3/lib\libopencm3_stm32f4.a(systick.o)
 .debug_line    0x00003bce      0x3f0 ../libopencm3/lib\libopencm3_stm32f4.a(flash_common_all.o)
 .debug_line    0x00003fbe      0x409 ../libopencm3/lib\libopencm3_stm32f4.a(flash_common_idcache.o)
 .debug_line    0x000043c7      0x32d ../libopencm3/lib\libopencm3_stm32f4.a(pwr.o)

.debug_str      0x00000000    0x13a18
 .debug_str     0x00000000    0x13a18 src/firmware.o
                               0xaaee (size before relaxing)
 .debug_str     0x00013a18     0x9eb2 src/core/system.o
 .debug_str     0x00013a18     0xd9b6 src/core/timer.o
 .debug_str     0x00013a18     0x6734 ../libopencm3/lib\libopencm3_stm32f4.a(gpio_common_f0234.o)
 .debug_str     0x00013a18     0x9ad1 ../libopencm3/lib\libopencm3_stm32f4.a(rcc_common_all.o)
 .debug_str     0x00013a18     0xa346 ../libopencm3/lib\libopencm3_stm32f4.a(rcc.o)
 .debug_str     0x00013a18     0xdd75 ../libopencm3/lib\libopencm3_stm32f4.a(timer_common_all.o)
 .debug_str     0x00013a18     0x6fc7 ../libopencm3/lib\libopencm3_stm32f4.a(vector.o)
 .debug_str     0x00013a18     0x462a ../libopencm3/lib\libopencm3_stm32f4.a(systick.o)
 .debug_str     0x00013a18     0x5a69 ../libopencm3/lib\libopencm3_stm32f4.a(flash_common_all.o)
 .debug_str     0x00013a18     0x5a8b ../libopencm3/lib\libopencm3_stm32f4.a(flash_common_idcache.o)
 .debug_str     0x00013a18     0x56e5 ../libopencm3/lib\libopencm3_stm32f4.a(pwr.o)

.comment        0x00000000       0x44
 .comment       0x00000000       0x44 src/firmware.o
                                 0x45 (size before relaxing)
 .comment       0x00000044       0x45 src/core/system.o
 .comment       0x00000044       0x45 src/core/timer.o
 .comment       0x00000044       0x45 ../libopencm3/lib\libopencm3_stm32f4.a(gpio_common_f0234.o)
 .comment       0x00000044       0x45 ../libopencm3/lib\libopencm3_stm32f4.a(rcc_common_all.o)
 .comment       0x00000044       0x45 ../libopencm3/lib\libopencm3_stm32f4.a(rcc.o)
 .comment       0x00000044       0x45 ../libopencm3/lib\libopencm3_stm32f4.a(timer_common_all.o)
 .comment       0x00000044       0x45 ../libopencm3/lib\libopencm3_stm32f4.a(vector.o)
 .comment       0x00000044       0x45 ../libopencm3/lib\libopencm3_stm32f4.a(systick.o)
 .comment       0x00000044       0x45 ../libopencm3/lib\libopencm3_stm32f4.a(flash_common_all.o)
 .comment       0x00000044       0x45 ../libopencm3/lib\libopencm3_stm32f4.a(flash_common_idcache.o)
 .comment       0x00000044       0x45 ../libopencm3/lib\libopencm3_stm32f4.a(pwr.o)

.ARM.attributes
                0x00000000       0x34
 .ARM.attributes
                0x00000000       0x34 src/firmware.o
 .ARM.attributes
                0x00000034       0x34 src/core/system.o
 .ARM.attributes
                0x00000068       0x34 src/core/timer.o
 .ARM.attributes
                0x0000009c       0x34 ../libopencm3/lib\libopencm3_stm32f4.a(gpio_common_f0234.o)
 .ARM.attributes
                0x000000d0       0x34 ../libopencm3/lib\libopencm3_stm32f4.a(rcc_common_all.o)
 .ARM.attributes
                0x00000104       0x34 ../libopencm3/lib\libopencm3_stm32f4.a(rcc.o)
 .ARM.attributes
                0x00000138       0x34 ../libopencm3/lib\libopencm3_stm32f4.a(timer_common_all.o)
 .ARM.attributes
                0x0000016c       0x34 ../libopencm3/lib\libopencm3_stm32f4.a(vector.o)
 .ARM.attributes
                0x000001a0       0x34 ../libopencm3/lib\libopencm3_stm32f4.a(systick.o)
 .ARM.attributes
                0x000001d4       0x34 ../libopencm3/lib\libopencm3_stm32f4.a(flash_common_all.o)
 .ARM.attributes
                0x00000208       0x34 ../libopencm3/lib\libopencm3_stm32f4.a(flash_common_idcache.o)
 .ARM.attributes
                0x0000023c       0x34 ../libopencm3/lib\libopencm3_stm32f4.a(pwr.o)

.debug_frame    0x00000000      0xb2c
 .debug_frame   0x00000000       0x3c src/firmware.o
 .debug_frame   0x0000003c       0x54 src/core/system.o
 .debug_frame   0x00000090       0x3c src/core/timer.o
 .debug_frame   0x000000cc       0x70 ../libopencm3/lib\libopencm3_stm32f4.a(gpio_common_f0234.o)
 .debug_frame   0x0000013c       0xe0 ../libopencm3/lib\libopencm3_stm32f4.a(rcc_common_all.o)
 .debug_frame   0x0000021c      0x234 ../libopencm3/lib\libopencm3_stm32f4.a(rcc.o)
 .debug_frame   0x00000450      0x4d8 ../libopencm3/lib\libopencm3_stm32f4.a(timer_common_all.o)
 .debug_frame   0x00000928       0x4c ../libopencm3/lib\libopencm3_stm32f4.a(vector.o)
 .debug_frame   0x00000974       0xd8 ../libopencm3/lib\libopencm3_stm32f4.a(systick.o)
 .debug_frame   0x00000a4c       0x50 ../libopencm3/lib\libopencm3_stm32f4.a(flash_common_all.o)
 .debug_frame   0x00000a9c       0x70 ../libopencm3/lib\libopencm3_stm32f4.a(flash_common_idcache.o)
 .debug_frame   0x00000b0c       0x20 ../libopencm3/lib\libopencm3_stm32f4.a(pwr.o)

Cross Reference Table

Symbol                                            File
__fini_array_end                                  ../libopencm3/lib\libopencm3_stm32f4.a(vector.o)
__fini_array_start                                ../libopencm3/lib\libopencm3_stm32f4.a(vector.o)
__init_array_end                                  ../libopencm3/lib\libopencm3_stm32f4.a(vector.o)
__init_array_start                                ../libopencm3/lib\libopencm3_stm32f4.a(vector.o)
__preinit_array_end                               ../libopencm3/lib\libopencm3_stm32f4.a(vector.o)
__preinit_array_start                             ../libopencm3/lib\libopencm3_stm32f4.a(vector.o)
_data                                             ../libopencm3/lib\libopencm3_stm32f4.a(vector.o)
_data_loadaddr                                    ../libopencm3/lib\libopencm3_stm32f4.a(vector.o)
_ebss                                             ../libopencm3/lib\libopencm3_stm32f4.a(vector.o)
_edata                                            ../libopencm3/lib\libopencm3_stm32f4.a(vector.o)
_stack                                            ../libopencm3/lib\libopencm3_stm32f4.a(vector.o)
adc_isr                                           ../libopencm3/lib\libopencm3_stm32f4.a(vector.o)
blocking_handler                                  ../libopencm3/lib\libopencm3_stm32f4.a(vector.o)
bus_fault_handler                                 ../libopencm3/lib\libopencm3_stm32f4.a(vector.o)
can1_rx0_isr                                      ../libopencm3/lib\libopencm3_stm32f4.a(vector.o)
can1_rx1_isr                                      ../libopencm3/lib\libopencm3_stm32f4.a(vector.o)
can1_sce_isr                                      ../libopencm3/lib\libopencm3_stm32f4.a(vector.o)
can1_tx_isr                                       ../libopencm3/lib\libopencm3_stm32f4.a(vector.o)
can2_rx0_isr                                      ../libopencm3/lib\libopencm3_stm32f4.a(vector.o)
can2_rx1_isr                                      ../libopencm3/lib\libopencm3_stm32f4.a(vector.o)
can2_sce_isr                                      ../libopencm3/lib\libopencm3_stm32f4.a(vector.o)
can2_tx_isr                                       ../libopencm3/lib\libopencm3_stm32f4.a(vector.o)
cryp_isr                                          ../libopencm3/lib\libopencm3_stm32f4.a(vector.o)
dcmi_isr                                          ../libopencm3/lib\libopencm3_stm32f4.a(vector.o)
debug_monitor_handler                             ../libopencm3/lib\libopencm3_stm32f4.a(vector.o)
dma1_stream0_isr                                  ../libopencm3/lib\libopencm3_stm32f4.a(vector.o)
dma1_stream1_isr                                  ../libopencm3/lib\libopencm3_stm32f4.a(vector.o)
dma1_stream2_isr                                  ../libopencm3/lib\libopencm3_stm32f4.a(vector.o)
dma1_stream3_isr                                  ../libopencm3/lib\libopencm3_stm32f4.a(vector.o)
dma1_stream4_isr                                  ../libopencm3/lib\libopencm3_stm32f4.a(vector.o)
dma1_stream5_isr                                  ../libopencm3/lib\libopencm3_stm32f4.a(vector.o)
dma1_stream6_isr                                  ../libopencm3/lib\libopencm3_stm32f4.a(vector.o)
dma1_stream7_isr                                  ../libopencm3/lib\libopencm3_stm32f4.a(vector.o)
dma2_stream0_isr                                  ../libopencm3/lib\libopencm3_stm32f4.a(vector.o)
dma2_stream1_isr                                  ../libopencm3/lib\libopencm3_stm32f4.a(vector.o)
dma2_stream2_isr                                  ../libopencm3/lib\libopencm3_stm32f4.a(vector.o)
dma2_stream3_isr                                  ../libopencm3/lib\libopencm3_stm32f4.a(vector.o)
dma2_stream4_isr                                  ../libopencm3/lib\libopencm3_stm32f4.a(vector.o)
dma2_stream5_isr                                  ../libopencm3/lib\libopencm3_stm32f4.a(vector.o)
dma2_stream6_isr                                  ../libopencm3/lib\libopencm3_stm32f4.a(vector.o)
dma2_stream7_isr                                  ../libopencm3/lib\libopencm3_stm32f4.a(vector.o)
dma2d_isr                                         ../libopencm3/lib\libopencm3_stm32f4.a(vector.o)
eth_isr                                           ../libopencm3/lib\libopencm3_stm32f4.a(vector.o)
eth_wkup_isr                                      ../libopencm3/lib\libopencm3_stm32f4.a(vector.o)
exti0_isr                                         ../libopencm3/lib\libopencm3_stm32f4.a(vector.o)
exti15_10_isr                                     ../libopencm3/lib\libopencm3_stm32f4.a(vector.o)
exti1_isr                                         ../libopencm3/lib\libopencm3_stm32f4.a(vector.o)
exti2_isr                                         ../libopencm3/lib\libopencm3_stm32f4.a(vector.o)
exti3_isr                                         ../libopencm3/lib\libopencm3_stm32f4.a(vector.o)
exti4_isr                                         ../libopencm3/lib\libopencm3_stm32f4.a(vector.o)
exti9_5_isr                                       ../libopencm3/lib\libopencm3_stm32f4.a(vector.o)
flash_dcache_disable                              ../libopencm3/lib\libopencm3_stm32f4.a(flash_common_idcache.o)
                                                  ../libopencm3/lib\libopencm3_stm32f4.a(rcc.o)
flash_dcache_enable                               ../libopencm3/lib\libopencm3_stm32f4.a(flash_common_idcache.o)
                                                  ../libopencm3/lib\libopencm3_stm32f4.a(rcc.o)
flash_dcache_reset                                ../libopencm3/lib\libopencm3_stm32f4.a(flash_common_idcache.o)
flash_icache_disable                              ../libopencm3/lib\libopencm3_stm32f4.a(flash_common_idcache.o)
                                                  ../libopencm3/lib\libopencm3_stm32f4.a(rcc.o)
flash_icache_enable                               ../libopencm3/lib\libopencm3_stm32f4.a(flash_common_idcache.o)
                                                  ../libopencm3/lib\libopencm3_stm32f4.a(rcc.o)
flash_icache_reset                                ../libopencm3/lib\libopencm3_stm32f4.a(flash_common_idcache.o)
flash_isr                                         ../libopencm3/lib\libopencm3_stm32f4.a(vector.o)
flash_prefetch_disable                            ../libopencm3/lib\libopencm3_stm32f4.a(flash_common_all.o)
flash_prefetch_enable                             ../libopencm3/lib\libopencm3_stm32f4.a(flash_common_all.o)
flash_set_ws                                      ../libopencm3/lib\libopencm3_stm32f4.a(flash_common_all.o)
                                                  ../libopencm3/lib\libopencm3_stm32f4.a(rcc.o)
flash_unlock_option_bytes                         ../libopencm3/lib\libopencm3_stm32f4.a(flash_common_all.o)
fpu_isr                                           ../libopencm3/lib\libopencm3_stm32f4.a(vector.o)
fsmc_isr                                          ../libopencm3/lib\libopencm3_stm32f4.a(vector.o)
gpio_mode_setup                                   ../libopencm3/lib\libopencm3_stm32f4.a(gpio_common_f0234.o)
                                                  src/firmware.o
gpio_set_af                                       ../libopencm3/lib\libopencm3_stm32f4.a(gpio_common_f0234.o)
                                                  src/firmware.o
gpio_set_output_options                           ../libopencm3/lib\libopencm3_stm32f4.a(gpio_common_f0234.o)
hard_fault_handler                                ../libopencm3/lib\libopencm3_stm32f4.a(vector.o)
hash_rng_isr                                      ../libopencm3/lib\libopencm3_stm32f4.a(vector.o)
i2c1_er_isr                                       ../libopencm3/lib\libopencm3_stm32f4.a(vector.o)
i2c1_ev_isr                                       ../libopencm3/lib\libopencm3_stm32f4.a(vector.o)
i2c2_er_isr                                       ../libopencm3/lib\libopencm3_stm32f4.a(vector.o)
i2c2_ev_isr                                       ../libopencm3/lib\libopencm3_stm32f4.a(vector.o)
i2c3_er_isr                                       ../libopencm3/lib\libopencm3_stm32f4.a(vector.o)
i2c3_ev_isr                                       ../libopencm3/lib\libopencm3_stm32f4.a(vector.o)
lcd_tft_err_isr                                   ../libopencm3/lib\libopencm3_stm32f4.a(vector.o)
lcd_tft_isr                                       ../libopencm3/lib\libopencm3_stm32f4.a(vector.o)
main                                              src/firmware.o
                                                  ../libopencm3/lib\libopencm3_stm32f4.a(vector.o)
mem_manage_handler                                ../libopencm3/lib\libopencm3_stm32f4.a(vector.o)
nmi_handler                                       ../libopencm3/lib\libopencm3_stm32f4.a(vector.o)
null_handler                                      ../libopencm3/lib\libopencm3_stm32f4.a(vector.o)
nvic_wwdg_isr                                     ../libopencm3/lib\libopencm3_stm32f4.a(vector.o)
otg_fs_isr                                        ../libopencm3/lib\libopencm3_stm32f4.a(vector.o)
otg_hs_ep1_in_isr                                 ../libopencm3/lib\libopencm3_stm32f4.a(vector.o)
otg_hs_ep1_out_isr                                ../libopencm3/lib\libopencm3_stm32f4.a(vector.o)
otg_hs_isr                                        ../libopencm3/lib\libopencm3_stm32f4.a(vector.o)
otg_hs_wkup_isr                                   ../libopencm3/lib\libopencm3_stm32f4.a(vector.o)
pend_sv_handler                                   ../libopencm3/lib\libopencm3_stm32f4.a(vector.o)
pvd_isr                                           ../libopencm3/lib\libopencm3_stm32f4.a(vector.o)
pwr_set_vos_scale                                 ../libopencm3/lib\libopencm3_stm32f4.a(pwr.o)
                                                  ../libopencm3/lib\libopencm3_stm32f4.a(rcc.o)
rcc_ahb_frequency                                 ../libopencm3/lib\libopencm3_stm32f4.a(rcc.o)
rcc_apb1_frequency                                ../libopencm3/lib\libopencm3_stm32f4.a(rcc.o)
rcc_apb2_frequency                                ../libopencm3/lib\libopencm3_stm32f4.a(rcc.o)
rcc_clock_setup_hse_3v3                           ../libopencm3/lib\libopencm3_stm32f4.a(rcc.o)
rcc_clock_setup_pll                               ../libopencm3/lib\libopencm3_stm32f4.a(rcc.o)
                                                  src/core/system.o
rcc_css_disable                                   ../libopencm3/lib\libopencm3_stm32f4.a(rcc.o)
rcc_css_enable                                    ../libopencm3/lib\libopencm3_stm32f4.a(rcc.o)
rcc_css_int_clear                                 ../libopencm3/lib\libopencm3_stm32f4.a(rcc.o)
rcc_css_int_flag                                  ../libopencm3/lib\libopencm3_stm32f4.a(rcc.o)
rcc_get_div_from_hpre                             ../libopencm3/lib\libopencm3_stm32f4.a(rcc_common_all.o)
rcc_get_i2c_clk_freq                              ../libopencm3/lib\libopencm3_stm32f4.a(rcc.o)
rcc_get_spi_clk_freq                              ../libopencm3/lib\libopencm3_stm32f4.a(rcc.o)
rcc_get_timer_clk_freq                            ../libopencm3/lib\libopencm3_stm32f4.a(rcc.o)
rcc_get_usart_clk_freq                            ../libopencm3/lib\libopencm3_stm32f4.a(rcc.o)
rcc_hse_12mhz_3v3                                 ../libopencm3/lib\libopencm3_stm32f4.a(rcc.o)
rcc_hse_16mhz_3v3                                 ../libopencm3/lib\libopencm3_stm32f4.a(rcc.o)
rcc_hse_25mhz_3v3                                 ../libopencm3/lib\libopencm3_stm32f4.a(rcc.o)
rcc_hse_8mhz_3v3                                  ../libopencm3/lib\libopencm3_stm32f4.a(rcc.o)
rcc_hsi_configs                                   ../libopencm3/lib\libopencm3_stm32f4.a(rcc.o)
                                                  src/core/system.o
rcc_is_osc_ready                                  ../libopencm3/lib\libopencm3_stm32f4.a(rcc.o)
rcc_isr                                           ../libopencm3/lib\libopencm3_stm32f4.a(vector.o)
rcc_osc_bypass_disable                            ../libopencm3/lib\libopencm3_stm32f4.a(rcc_common_all.o)
rcc_osc_bypass_enable                             ../libopencm3/lib\libopencm3_stm32f4.a(rcc_common_all.o)
rcc_osc_off                                       ../libopencm3/lib\libopencm3_stm32f4.a(rcc.o)
rcc_osc_on                                        ../libopencm3/lib\libopencm3_stm32f4.a(rcc.o)
rcc_osc_ready_int_clear                           ../libopencm3/lib\libopencm3_stm32f4.a(rcc.o)
rcc_osc_ready_int_disable                         ../libopencm3/lib\libopencm3_stm32f4.a(rcc.o)
rcc_osc_ready_int_enable                          ../libopencm3/lib\libopencm3_stm32f4.a(rcc.o)
rcc_osc_ready_int_flag                            ../libopencm3/lib\libopencm3_stm32f4.a(rcc.o)
rcc_periph_clock_disable                          ../libopencm3/lib\libopencm3_stm32f4.a(rcc_common_all.o)
rcc_periph_clock_enable                           ../libopencm3/lib\libopencm3_stm32f4.a(rcc_common_all.o)
                                                  ../libopencm3/lib\libopencm3_stm32f4.a(rcc.o)
                                                  src/core/timer.o
                                                  src/firmware.o
rcc_periph_reset_hold                             ../libopencm3/lib\libopencm3_stm32f4.a(rcc_common_all.o)
rcc_periph_reset_pulse                            ../libopencm3/lib\libopencm3_stm32f4.a(rcc_common_all.o)
rcc_periph_reset_release                          ../libopencm3/lib\libopencm3_stm32f4.a(rcc_common_all.o)
rcc_peripheral_clear_reset                        ../libopencm3/lib\libopencm3_stm32f4.a(rcc_common_all.o)
rcc_peripheral_disable_clock                      ../libopencm3/lib\libopencm3_stm32f4.a(rcc_common_all.o)
rcc_peripheral_enable_clock                       ../libopencm3/lib\libopencm3_stm32f4.a(rcc_common_all.o)
rcc_peripheral_reset                              ../libopencm3/lib\libopencm3_stm32f4.a(rcc_common_all.o)
rcc_plli2s_config                                 ../libopencm3/lib\libopencm3_stm32f4.a(rcc.o)
rcc_pllsai_config                                 ../libopencm3/lib\libopencm3_stm32f4.a(rcc.o)
rcc_pllsai_postscalers                            ../libopencm3/lib\libopencm3_stm32f4.a(rcc.o)
rcc_set_hpre                                      ../libopencm3/lib\libopencm3_stm32f4.a(rcc.o)
rcc_set_main_pll_hse                              ../libopencm3/lib\libopencm3_stm32f4.a(rcc.o)
rcc_set_main_pll_hsi                              ../libopencm3/lib\libopencm3_stm32f4.a(rcc.o)
rcc_set_mco                                       ../libopencm3/lib\libopencm3_stm32f4.a(rcc_common_all.o)
rcc_set_pll_source                                ../libopencm3/lib\libopencm3_stm32f4.a(rcc.o)
rcc_set_ppre1                                     ../libopencm3/lib\libopencm3_stm32f4.a(rcc.o)
rcc_set_ppre2                                     ../libopencm3/lib\libopencm3_stm32f4.a(rcc.o)
rcc_set_rtcpre                                    ../libopencm3/lib\libopencm3_stm32f4.a(rcc.o)
rcc_set_sysclk_source                             ../libopencm3/lib\libopencm3_stm32f4.a(rcc.o)
rcc_system_clock_source                           ../libopencm3/lib\libopencm3_stm32f4.a(rcc.o)
rcc_wait_for_osc_ready                            ../libopencm3/lib\libopencm3_stm32f4.a(rcc.o)
rcc_wait_for_sysclk_status                        ../libopencm3/lib\libopencm3_stm32f4.a(rcc.o)
reset_handler                                     ../libopencm3/lib\libopencm3_stm32f4.a(vector.o)
rtc_alarm_isr                                     ../libopencm3/lib\libopencm3_stm32f4.a(vector.o)
rtc_wkup_isr                                      ../libopencm3/lib\libopencm3_stm32f4.a(vector.o)
sai1_isr                                          ../libopencm3/lib\libopencm3_stm32f4.a(vector.o)
sdio_isr                                          ../libopencm3/lib\libopencm3_stm32f4.a(vector.o)
spi1_isr                                          ../libopencm3/lib\libopencm3_stm32f4.a(vector.o)
spi2_isr                                          ../libopencm3/lib\libopencm3_stm32f4.a(vector.o)
spi3_isr                                          ../libopencm3/lib\libopencm3_stm32f4.a(vector.o)
spi4_isr                                          ../libopencm3/lib\libopencm3_stm32f4.a(vector.o)
spi5_isr                                          ../libopencm3/lib\libopencm3_stm32f4.a(vector.o)
spi6_isr                                          ../libopencm3/lib\libopencm3_stm32f4.a(vector.o)
sv_call_handler                                   ../libopencm3/lib\libopencm3_stm32f4.a(vector.o)
sys_tick_handler                                  src/core/system.o
system_get_ticks                                  src/core/system.o
                                                  src/firmware.o
system_setup                                      src/core/system.o
                                                  src/firmware.o
systick_clear                                     ../libopencm3/lib\libopencm3_stm32f4.a(systick.o)
systick_counter_disable                           ../libopencm3/lib\libopencm3_stm32f4.a(systick.o)
systick_counter_enable                            ../libopencm3/lib\libopencm3_stm32f4.a(systick.o)
                                                  src/core/system.o
systick_get_calib                                 ../libopencm3/lib\libopencm3_stm32f4.a(systick.o)
systick_get_countflag                             ../libopencm3/lib\libopencm3_stm32f4.a(systick.o)
systick_get_reload                                ../libopencm3/lib\libopencm3_stm32f4.a(systick.o)
systick_get_value                                 ../libopencm3/lib\libopencm3_stm32f4.a(systick.o)
systick_interrupt_disable                         ../libopencm3/lib\libopencm3_stm32f4.a(systick.o)
systick_interrupt_enable                          ../libopencm3/lib\libopencm3_stm32f4.a(systick.o)
                                                  src/core/system.o
systick_set_clocksource                           ../libopencm3/lib\libopencm3_stm32f4.a(systick.o)
systick_set_frequency                             ../libopencm3/lib\libopencm3_stm32f4.a(systick.o)
                                                  src/core/system.o
systick_set_reload                                ../libopencm3/lib\libopencm3_stm32f4.a(systick.o)
tamp_stamp_isr                                    ../libopencm3/lib\libopencm3_stm32f4.a(vector.o)
tim1_brk_tim9_isr                                 ../libopencm3/lib\libopencm3_stm32f4.a(vector.o)
tim1_cc_isr                                       ../libopencm3/lib\libopencm3_stm32f4.a(vector.o)
tim1_trg_com_tim11_isr                            ../libopencm3/lib\libopencm3_stm32f4.a(vector.o)
tim1_up_tim10_isr                                 ../libopencm3/lib\libopencm3_stm32f4.a(vector.o)
tim2_isr                                          ../libopencm3/lib\libopencm3_stm32f4.a(vector.o)
tim3_isr                                          ../libopencm3/lib\libopencm3_stm32f4.a(vector.o)
tim4_isr                                          ../libopencm3/lib\libopencm3_stm32f4.a(vector.o)
tim5_isr                                          ../libopencm3/lib\libopencm3_stm32f4.a(vector.o)
tim6_dac_isr                                      ../libopencm3/lib\libopencm3_stm32f4.a(vector.o)
tim7_isr                                          ../libopencm3/lib\libopencm3_stm32f4.a(vector.o)
tim8_brk_tim12_isr                                ../libopencm3/lib\libopencm3_stm32f4.a(vector.o)
tim8_cc_isr                                       ../libopencm3/lib\libopencm3_stm32f4.a(vector.o)
tim8_trg_com_tim14_isr                            ../libopencm3/lib\libopencm3_stm32f4.a(vector.o)
tim8_up_tim13_isr                                 ../libopencm3/lib\libopencm3_stm32f4.a(vector.o)
timer_clear_flag                                  ../libopencm3/lib\libopencm3_stm32f4.a(timer_common_all.o)
timer_continuous_mode                             ../libopencm3/lib\libopencm3_stm32f4.a(timer_common_all.o)
timer_direction_down                              ../libopencm3/lib\libopencm3_stm32f4.a(timer_common_all.o)
timer_direction_up                                ../libopencm3/lib\libopencm3_stm32f4.a(timer_common_all.o)
timer_disable_break                               ../libopencm3/lib\libopencm3_stm32f4.a(timer_common_all.o)
timer_disable_break_automatic_output              ../libopencm3/lib\libopencm3_stm32f4.a(timer_common_all.o)
timer_disable_break_main_output                   ../libopencm3/lib\libopencm3_stm32f4.a(timer_common_all.o)
timer_disable_compare_control_update_on_trigger   ../libopencm3/lib\libopencm3_stm32f4.a(timer_common_all.o)
timer_disable_counter                             ../libopencm3/lib\libopencm3_stm32f4.a(timer_common_all.o)
timer_disable_irq                                 ../libopencm3/lib\libopencm3_stm32f4.a(timer_common_all.o)
timer_disable_oc_clear                            ../libopencm3/lib\libopencm3_stm32f4.a(timer_common_all.o)
timer_disable_oc_output                           ../libopencm3/lib\libopencm3_stm32f4.a(timer_common_all.o)
timer_disable_oc_preload                          ../libopencm3/lib\libopencm3_stm32f4.a(timer_common_all.o)
timer_disable_preload                             ../libopencm3/lib\libopencm3_stm32f4.a(timer_common_all.o)
timer_disable_preload_complementry_enable_bits    ../libopencm3/lib\libopencm3_stm32f4.a(timer_common_all.o)
timer_disable_update_event                        ../libopencm3/lib\libopencm3_stm32f4.a(timer_common_all.o)
timer_enable_break                                ../libopencm3/lib\libopencm3_stm32f4.a(timer_common_all.o)
timer_enable_break_automatic_output               ../libopencm3/lib\libopencm3_stm32f4.a(timer_common_all.o)
timer_enable_break_main_output                    ../libopencm3/lib\libopencm3_stm32f4.a(timer_common_all.o)
timer_enable_compare_control_update_on_trigger    ../libopencm3/lib\libopencm3_stm32f4.a(timer_common_all.o)
timer_enable_counter                              ../libopencm3/lib\libopencm3_stm32f4.a(timer_common_all.o)
                                                  src/core/timer.o
timer_enable_irq                                  ../libopencm3/lib\libopencm3_stm32f4.a(timer_common_all.o)
timer_enable_oc_clear                             ../libopencm3/lib\libopencm3_stm32f4.a(timer_common_all.o)
timer_enable_oc_output                            ../libopencm3/lib\libopencm3_stm32f4.a(timer_common_all.o)
                                                  src/core/timer.o
timer_enable_oc_preload                           ../libopencm3/lib\libopencm3_stm32f4.a(timer_common_all.o)
timer_enable_preload                              ../libopencm3/lib\libopencm3_stm32f4.a(timer_common_all.o)
timer_enable_preload_complementry_enable_bits     ../libopencm3/lib\libopencm3_stm32f4.a(timer_common_all.o)
timer_enable_update_event                         ../libopencm3/lib\libopencm3_stm32f4.a(timer_common_all.o)
timer_generate_event                              ../libopencm3/lib\libopencm3_stm32f4.a(timer_common_all.o)
timer_get_counter                                 ../libopencm3/lib\libopencm3_stm32f4.a(timer_common_all.o)
timer_get_flag                                    ../libopencm3/lib\libopencm3_stm32f4.a(timer_common_all.o)
timer_ic_disable                                  ../libopencm3/lib\libopencm3_stm32f4.a(timer_common_all.o)
timer_ic_enable                                   ../libopencm3/lib\libopencm3_stm32f4.a(timer_common_all.o)
timer_ic_set_filter                               ../libopencm3/lib\libopencm3_stm32f4.a(timer_common_all.o)
timer_ic_set_input                                ../libopencm3/lib\libopencm3_stm32f4.a(timer_common_all.o)
timer_ic_set_prescaler                            ../libopencm3/lib\libopencm3_stm32f4.a(timer_common_all.o)
timer_interrupt_source                            ../libopencm3/lib\libopencm3_stm32f4.a(timer_common_all.o)
timer_one_shot_mode                               ../libopencm3/lib\libopencm3_stm32f4.a(timer_common_all.o)
timer_pwm_set_duty_cycle                          src/core/timer.o
                                                  src/firmware.o
timer_reset_output_idle_state                     ../libopencm3/lib\libopencm3_stm32f4.a(timer_common_all.o)
timer_set_alignment                               ../libopencm3/lib\libopencm3_stm32f4.a(timer_common_all.o)
timer_set_break_lock                              ../libopencm3/lib\libopencm3_stm32f4.a(timer_common_all.o)
timer_set_break_polarity_high                     ../libopencm3/lib\libopencm3_stm32f4.a(timer_common_all.o)
timer_set_break_polarity_low                      ../libopencm3/lib\libopencm3_stm32f4.a(timer_common_all.o)
timer_set_clock_division                          ../libopencm3/lib\libopencm3_stm32f4.a(timer_common_all.o)
timer_set_counter                                 ../libopencm3/lib\libopencm3_stm32f4.a(timer_common_all.o)
timer_set_deadtime                                ../libopencm3/lib\libopencm3_stm32f4.a(timer_common_all.o)
timer_set_disabled_off_state_in_idle_mode         ../libopencm3/lib\libopencm3_stm32f4.a(timer_common_all.o)
timer_set_disabled_off_state_in_run_mode          ../libopencm3/lib\libopencm3_stm32f4.a(timer_common_all.o)
timer_set_dma_on_compare_event                    ../libopencm3/lib\libopencm3_stm32f4.a(timer_common_all.o)
timer_set_dma_on_update_event                     ../libopencm3/lib\libopencm3_stm32f4.a(timer_common_all.o)
timer_set_enabled_off_state_in_idle_mode          ../libopencm3/lib\libopencm3_stm32f4.a(timer_common_all.o)
timer_set_enabled_off_state_in_run_mode           ../libopencm3/lib\libopencm3_stm32f4.a(timer_common_all.o)
timer_set_master_mode                             ../libopencm3/lib\libopencm3_stm32f4.a(timer_common_all.o)
timer_set_mode                                    ../libopencm3/lib\libopencm3_stm32f4.a(timer_common_all.o)
                                                  src/core/timer.o
timer_set_oc_fast_mode                            ../libopencm3/lib\libopencm3_stm32f4.a(timer_common_all.o)
timer_set_oc_idle_state_set                       ../libopencm3/lib\libopencm3_stm32f4.a(timer_common_all.o)
timer_set_oc_idle_state_unset                     ../libopencm3/lib\libopencm3_stm32f4.a(timer_common_all.o)
timer_set_oc_mode                                 ../libopencm3/lib\libopencm3_stm32f4.a(timer_common_all.o)
                                                  src/core/timer.o
timer_set_oc_polarity_high                        ../libopencm3/lib\libopencm3_stm32f4.a(timer_common_all.o)
timer_set_oc_polarity_low                         ../libopencm3/lib\libopencm3_stm32f4.a(timer_common_all.o)
timer_set_oc_slow_mode                            ../libopencm3/lib\libopencm3_stm32f4.a(timer_common_all.o)
timer_set_oc_value                                ../libopencm3/lib\libopencm3_stm32f4.a(timer_common_all.o)
                                                  src/core/timer.o
timer_set_output_idle_state                       ../libopencm3/lib\libopencm3_stm32f4.a(timer_common_all.o)
timer_set_period                                  ../libopencm3/lib\libopencm3_stm32f4.a(timer_common_all.o)
                                                  src/core/timer.o
timer_set_prescaler                               ../libopencm3/lib\libopencm3_stm32f4.a(timer_common_all.o)
                                                  src/core/timer.o
timer_set_repetition_counter                      ../libopencm3/lib\libopencm3_stm32f4.a(timer_common_all.o)
timer_set_ti1_ch1                                 ../libopencm3/lib\libopencm3_stm32f4.a(timer_common_all.o)
timer_set_ti1_ch123_xor                           ../libopencm3/lib\libopencm3_stm32f4.a(timer_common_all.o)
timer_setup                                       src/core/timer.o
                                                  src/firmware.o
timer_slave_set_extclockmode2                     ../libopencm3/lib\libopencm3_stm32f4.a(timer_common_all.o)
timer_slave_set_filter                            ../libopencm3/lib\libopencm3_stm32f4.a(timer_common_all.o)
timer_slave_set_mode                              ../libopencm3/lib\libopencm3_stm32f4.a(timer_common_all.o)
timer_slave_set_polarity                          ../libopencm3/lib\libopencm3_stm32f4.a(timer_common_all.o)
timer_slave_set_prescaler                         ../libopencm3/lib\libopencm3_stm32f4.a(timer_common_all.o)
timer_slave_set_trigger                           ../libopencm3/lib\libopencm3_stm32f4.a(timer_common_all.o)
timer_update_on_any                               ../libopencm3/lib\libopencm3_stm32f4.a(timer_common_all.o)
timer_update_on_overflow                          ../libopencm3/lib\libopencm3_stm32f4.a(timer_common_all.o)
uart4_isr                                         ../libopencm3/lib\libopencm3_stm32f4.a(vector.o)
uart5_isr                                         ../libopencm3/lib\libopencm3_stm32f4.a(vector.o)
uart7_isr                                         ../libopencm3/lib\libopencm3_stm32f4.a(vector.o)
uart8_isr                                         ../libopencm3/lib\libopencm3_stm32f4.a(vector.o)
usage_fault_handler                               ../libopencm3/lib\libopencm3_stm32f4.a(vector.o)
usart1_isr                                        ../libopencm3/lib\libopencm3_stm32f4.a(vector.o)
usart2_isr                                        ../libopencm3/lib\libopencm3_stm32f4.a(vector.o)
usart3_isr                                        ../libopencm3/lib\libopencm3_stm32f4.a(vector.o)
usart6_isr                                        ../libopencm3/lib\libopencm3_stm32f4.a(vector.o)
usb_fs_wkup_isr                                   ../libopencm3/lib\libopencm3_stm32f4.a(vector.o)
vector_table                                      ../libopencm3/lib\libopencm3_stm32f4.a(vector.o)
